../Application/Data/data.hpp:106:11:prc::IStore<T>::~IStore() [with T = prc::State]	16	static
../Application/Data/data.hpp:106:11:prc::IStore<T>::~IStore() [with T = prc::State]	16	static
../Application/Data/data.hpp:116:7:prc::StateStore::~StateStore()	16	static
../Application/Data/data.hpp:116:7:virtual prc::StateStore::~StateStore()	16	static
../Application/Data/data.hpp:106:11:prc::IStore<T>::~IStore() [with T = prc::BoardIdentity]	16	static
../Application/Data/data.hpp:106:11:prc::IStore<T>::~IStore() [with T = prc::BoardIdentity]	16	static
../Application/Data/data.hpp:125:7:prc::BoardIdentityStore::~BoardIdentityStore()	16	static
../Application/Data/data.hpp:125:7:virtual prc::BoardIdentityStore::~BoardIdentityStore()	16	static
../Application/Data/data.hpp:106:11:prc::IStore<T>::~IStore() [with T = prc::PropSensors]	16	static
../Application/Data/data.hpp:106:11:prc::IStore<T>::~IStore() [with T = prc::PropSensors]	16	static
../Application/Data/data.hpp:132:7:prc::PropSensorsStore::~PropSensorsStore()	16	static
../Application/Data/data.hpp:132:7:virtual prc::PropSensorsStore::~PropSensorsStore()	16	static
../Application/Data/data.hpp:106:11:prc::IStore<T>::~IStore() [with T = prc::Valves]	16	static
../Application/Data/data.hpp:106:11:prc::IStore<T>::~IStore() [with T = prc::Valves]	16	static
../Application/Data/data.hpp:197:7:prc::ValvesStore::~ValvesStore()	16	static
../Application/Data/data.hpp:197:7:virtual prc::ValvesStore::~ValvesStore()	16	static
../Application/Data/data.hpp:106:11:prc::IStore<T>::~IStore() [with T = prc::UplinkCmd]	16	static
../Application/Data/data.hpp:106:11:prc::IStore<T>::~IStore() [with T = prc::UplinkCmd]	16	static
../Application/Data/data.hpp:223:7:prc::UplinkCmdStore::~UplinkCmdStore()	16	static
../Application/Data/data.hpp:223:7:virtual prc::UplinkCmdStore::~UplinkCmdStore()	16	static
../Application/Data/data.hpp:106:11:prc::IStore<T>::~IStore() [with T = prc::Event]	16	static
../Application/Data/data.hpp:106:11:prc::IStore<T>::~IStore() [with T = prc::Event]	16	static
../Application/Data/data.hpp:236:7:prc::EventStore::~EventStore()	16	static
../Application/Data/data.hpp:236:7:virtual prc::EventStore::~EventStore()	16	static
../Application/Data/data.hpp:241:8:prc::DataDump::DataDump()	16	static
../Application/Data/data.hpp:271:3:prc::PrcStore::PrcStore()	16	static
../Application/Data/data.hpp:252:7:prc::PrcStore::~PrcStore()	16	static
../Application/Data/data.hpp:266:21:void __tcf_0()	8	static
../Application/Data/data.hpp:265:27:static prc::PrcStore& prc::PrcStore::get_instance()	8	static
../Application/FlightControl/prc_can.cpp:18:6:void {anonymous}::SetCmd(uint8_t, uint8_t)	24	static
../Application/FlightControl/prc_can.cpp:25:11:prc::BoardRole {anonymous}::CurrentRole()	8	static
../Application/FlightControl/prc_can.cpp:32:6:void {anonymous}::OnBroadcastAbort(void*, prc_intranet::payload::safety_key)	16	static
../Application/FlightControl/prc_can.cpp:45:6:void {anonymous}::OnDprEthAbort(void*, prc_intranet::payload::safety_key)	16	static
../Application/FlightControl/prc_can.cpp:49:6:void {anonymous}::OnDprEthPassivate(void*, prc_intranet::payload::safety_key)	16	static
../Application/FlightControl/prc_can.cpp:53:6:void {anonymous}::OnDprEthPressurize(void*, prc_intranet::payload::on_off)	16	static
../Application/FlightControl/prc_can.cpp:58:6:void {anonymous}::OnDprEthReset(void*, prc_intranet::payload::reset)	16	static
../Application/FlightControl/prc_can.cpp:71:6:void {anonymous}::OnDprEthCmdValves(void*, prc_intranet::payload::cmd_valves)	16	static
../Application/FlightControl/prc_can.cpp:75:6:void {anonymous}::OnDprLoxAbort(void*, prc_intranet::payload::safety_key)	16	static
../Application/FlightControl/prc_can.cpp:79:6:void {anonymous}::OnDprLoxPassivate(void*, prc_intranet::payload::safety_key)	16	static
../Application/FlightControl/prc_can.cpp:83:6:void {anonymous}::OnDprLoxPressurize(void*, prc_intranet::payload::on_off)	16	static
../Application/FlightControl/prc_can.cpp:88:6:void {anonymous}::OnDprLoxReset(void*, prc_intranet::payload::reset)	16	static
../Application/FlightControl/prc_can.cpp:92:6:void {anonymous}::OnDprLoxCmdValves(void*, prc_intranet::payload::cmd_valves)	16	static
../Application/FlightControl/prc_can.cpp:103:6:void {anonymous}::CbSend(void*, uint16_t, const uint8_t*, uint32_t)	72	static
../Application/FlightControl/prc_can.cpp:129:6:void {anonymous}::SendLogChunk(void*, const uint8_t*)	32	static
../Application/FlightControl/prc_can.cpp:151:28:{anonymous}::Ctx()::<lambda()>	296	static
../Application/FlightControl/prc_can.cpp:150:14:prc_intranet::context& {anonymous}::Ctx()	16	static
../Application/FlightControl/prc_can.cpp:172:6:void Prc_Can_ProcessRxMessage(uint32_t, const uint8_t*, uint32_t)	32	static
../Application/FlightControl/prc_can.cpp:184:6:void Prc_Can_ConfigNodeFilter(FDCAN_HandleTypeDef*)	56	static
../Application/FlightControl/prc_can.cpp:208:6:void Prc_Can_SendTelemetry(FDCAN_HandleTypeDef*)	88	static
../Application/FlightControl/prc_can.cpp:263:6:void Prc_Log_Forward(FDCAN_HandleTypeDef*, const uint8_t*, uint32_t)	32	static
../Application/Data/data.hpp:108:15:void prc::IStore<T>::set(const T&) [with T = prc::UplinkCmd]	16	static
../Application/Data/data.hpp:109:19:const T& prc::IStore<T>::get() const [with T = prc::State]	16	static
