../Application/Data/data.hpp:106:11:prc::IStore<T>::~IStore() [with T = prc::State]	16	static
../Application/Data/data.hpp:106:11:prc::IStore<T>::~IStore() [with T = prc::State]	16	static
../Application/Data/data.hpp:116:7:prc::StateStore::~StateStore()	16	static
../Application/Data/data.hpp:116:7:virtual prc::StateStore::~StateStore()	16	static
../Application/Data/data.hpp:106:11:prc::IStore<T>::~IStore() [with T = prc::BoardIdentity]	16	static
../Application/Data/data.hpp:106:11:prc::IStore<T>::~IStore() [with T = prc::BoardIdentity]	16	static
../Application/Data/data.hpp:125:7:prc::BoardIdentityStore::~BoardIdentityStore()	16	static
../Application/Data/data.hpp:125:7:virtual prc::BoardIdentityStore::~BoardIdentityStore()	16	static
../Application/Data/data.hpp:106:11:prc::IStore<T>::~IStore() [with T = prc::PropSensors]	16	static
../Application/Data/data.hpp:106:11:prc::IStore<T>::~IStore() [with T = prc::PropSensors]	16	static
../Application/Data/data.hpp:132:7:prc::PropSensorsStore::~PropSensorsStore()	16	static
../Application/Data/data.hpp:132:7:virtual prc::PropSensorsStore::~PropSensorsStore()	16	static
../Application/Data/data.hpp:106:11:prc::IStore<T>::~IStore() [with T = prc::Valves]	16	static
../Application/Data/data.hpp:106:11:prc::IStore<T>::~IStore() [with T = prc::Valves]	16	static
../Application/Data/data.hpp:197:7:prc::ValvesStore::~ValvesStore()	16	static
../Application/Data/data.hpp:197:7:virtual prc::ValvesStore::~ValvesStore()	16	static
../Application/Data/data.hpp:106:11:prc::IStore<T>::~IStore() [with T = prc::UplinkCmd]	16	static
../Application/Data/data.hpp:106:11:prc::IStore<T>::~IStore() [with T = prc::UplinkCmd]	16	static
../Application/Data/data.hpp:223:7:prc::UplinkCmdStore::~UplinkCmdStore()	16	static
../Application/Data/data.hpp:223:7:virtual prc::UplinkCmdStore::~UplinkCmdStore()	16	static
../Application/Data/data.hpp:106:11:prc::IStore<T>::~IStore() [with T = prc::Event]	16	static
../Application/Data/data.hpp:106:11:prc::IStore<T>::~IStore() [with T = prc::Event]	16	static
../Application/Data/data.hpp:236:7:prc::EventStore::~EventStore()	16	static
../Application/Data/data.hpp:236:7:virtual prc::EventStore::~EventStore()	16	static
../Application/Data/data.hpp:241:8:prc::DataDump::DataDump()	16	static
../Application/Data/data.hpp:271:3:prc::PrcStore::PrcStore()	16	static
../Application/Data/data.hpp:252:7:prc::PrcStore::~PrcStore()	16	static
../Application/Data/data.hpp:266:21:void __tcf_0()	8	static
../Application/Data/data.hpp:265:27:static prc::PrcStore& prc::PrcStore::get_instance()	8	static
../Application/FlightControl/prc_state.cpp:52:14:float SetPressureBarFor(prc::BoardRole)	16	static
../Application/FlightControl/prc_state.cpp:56:13:bool IsLox(prc::BoardRole)	16	static
../Application/FlightControl/prc_state.cpp:58:14:float CurrentTankPressureBar(const prc::PropSensors&, prc::BoardRole)	16	static
../Application/FlightControl/prc_state.cpp:62:14:float CurrentCopvPressureBar(const prc::PropSensors&, prc::BoardRole)	16	static
../Application/FlightControl/prc_state.cpp:70:1:PrcState::PrcState()	16	static
../Application/FlightControl/prc_state.cpp:72:1:PrcState::~PrcState()	16	static
../Application/FlightControl/prc_state.cpp:76:7:prc::State PrcState::getCurrentState()	16	static
../Application/FlightControl/prc_state.cpp:86:7:prc::State PrcState::fromManual(const prc::DataDump&)	16	static
../Application/FlightControl/prc_state.cpp:98:7:prc::State PrcState::fromInitializePressurizeOn(const prc::DataDump&)	16	static
../Application/FlightControl/prc_state.cpp:103:7:prc::State PrcState::fromPressurizeOn(const prc::DataDump&)	24	static
../Application/FlightControl/prc_state.cpp:123:7:prc::State PrcState::fromInitializeRegulate(const prc::DataDump&)	16	static
../Application/FlightControl/prc_state.cpp:128:7:prc::State PrcState::fromRegulate(const prc::DataDump&)	16	static
../Application/FlightControl/prc_state.cpp:138:7:prc::State PrcState::fromPressurizeOff(const prc::DataDump&)	24	static
../Application/FlightControl/prc_state.cpp:161:7:prc::State PrcState::fromInitializePassivate(const prc::DataDump&)	16	static
../Application/FlightControl/prc_state.cpp:166:7:prc::State PrcState::fromPassivate(const prc::DataDump&)	16	static
../Application/FlightControl/prc_state.cpp:175:7:prc::State PrcState::fromAbortOnGround(const prc::DataDump&)	16	static
../Application/FlightControl/prc_state.cpp:182:7:prc::State PrcState::fromAbortInFlight(const prc::DataDump&)	16	static
../Application/FlightControl/prc_state.cpp:189:6:void PrcState::update(const prc::DataDump&)	80	static
../Application/FlightControl/prc_state.cpp:239:13:std::string PrcState::stateToString(prc::State)	112	static
../Application/FlightControl/prc_state.cpp:257:19:void __tcf_1()	8	static
../Application/FlightControl/prc_state.cpp:256:18:PrcState& fsm_instance()	8	static
../Application/FlightControl/prc_state.cpp:314:14:float BallValvePercentFor(prc::RstController&, float, float)	32	static
../Application/FlightControl/prc_state.cpp:320:13:void SetSafety(bool, bool, prc::ValvesStore&)	24	static
../Application/FlightControl/prc_state.cpp:326:13:void SetVent(bool, bool, prc::ValvesStore&)	24	static
../Application/FlightControl/prc_state.cpp:332:13:void ApplyValveActions(prc::State, prc::State, const prc::DataDump&, prc::ValvesStore&)	104	static
../Application/FlightControl/prc_state.cpp:447:20:const char* RoleToString(prc::BoardRole)	16	static
../Application/FlightControl/prc_state.cpp:456:6:void Prc_Fsm_Init()	16	static
../Application/FlightControl/prc_state.cpp:470:6:void Prc_Fsm_Tick()	304	static
../Application/Data/data.hpp:108:15:void prc::IStore<T>::set(const T&) [with T = prc::BoardIdentity]	16	static
../Application/Data/data.hpp:108:15:void prc::IStore<T>::set(const T&) [with T = prc::State]	16	static
C:\ST\STM32CubeIDE_1.19.0\STM32CubeIDE\plugins\com.st.stm32cube.ide.mcu.externaltools.gnu-tools-for-stm32.13.3.rel1.win32_1.0.0.202411081344\tools\arm-none-eabi\include\c++\13.3.1\bits\new_allocator.h:104:7:std::__new_allocator<_Tp>::~__new_allocator() [with _Tp = char]	16	static
../Application/FlightControl/prc_state.cpp:490:1:void __static_initialization_and_destruction_0()	8	static
../Application/FlightControl/prc_state.cpp:490:1:cpp)	8	static
