../Application/Data/./istore.hpp:12:11:prc::IStore<T>::~IStore() [with T = prc::State]	16	static
../Application/Data/./istore.hpp:12:11:prc::IStore<T>::~IStore() [with T = prc::State]	16	static
../Application/Data/data.hpp:71:7:prc::StateStore::~StateStore()	16	static
../Application/Data/data.hpp:71:7:virtual prc::StateStore::~StateStore()	16	static
../Application/Data/./istore.hpp:12:11:prc::IStore<T>::~IStore() [with T = prc::BoardIdentity]	16	static
../Application/Data/./istore.hpp:12:11:prc::IStore<T>::~IStore() [with T = prc::BoardIdentity]	16	static
../Application/Data/data.hpp:80:7:prc::BoardIdentityStore::~BoardIdentityStore()	16	static
../Application/Data/data.hpp:80:7:virtual prc::BoardIdentityStore::~BoardIdentityStore()	16	static
../Application/Data/./istore.hpp:12:11:prc::IStore<T>::~IStore() [with T = prc::Valves]	16	static
../Application/Data/./istore.hpp:12:11:prc::IStore<T>::~IStore() [with T = prc::Valves]	16	static
../Application/Data/data.hpp:87:7:prc::ValvesStore::~ValvesStore()	16	static
../Application/Data/data.hpp:87:7:virtual prc::ValvesStore::~ValvesStore()	16	static
../Application/Data/./istore.hpp:12:11:prc::IStore<T>::~IStore() [with T = prc::UplinkCmd]	16	static
../Application/Data/./istore.hpp:12:11:prc::IStore<T>::~IStore() [with T = prc::UplinkCmd]	16	static
../Application/Data/data.hpp:113:7:prc::UplinkCmdStore::~UplinkCmdStore()	16	static
../Application/Data/data.hpp:113:7:virtual prc::UplinkCmdStore::~UplinkCmdStore()	16	static
../Application/Data/./istore.hpp:12:11:prc::IStore<T>::~IStore() [with T = prc::Event]	16	static
../Application/Data/./istore.hpp:12:11:prc::IStore<T>::~IStore() [with T = prc::Event]	16	static
../Application/Data/data.hpp:126:7:prc::EventStore::~EventStore()	16	static
../Application/Data/data.hpp:126:7:virtual prc::EventStore::~EventStore()	16	static
../Application/Data/./istore.hpp:10:29:prc::IStore<prc::PropSensorsEngine>::IStore()	16	static
../Application/Data/./istore.hpp:12:11:prc::IStore<T>::~IStore() [with T = prc::PropSensorsEngine]	16	static
../Application/Data/./istore.hpp:12:11:prc::IStore<T>::~IStore() [with T = prc::PropSensorsEngine]	16	static
../Application/Data/./propulsion/data.hpp:29:7:prc::PropSensorsStoreEngine::PropSensorsStoreEngine()	16	static
../Application/Data/./propulsion/data.hpp:29:7:prc::PropSensorsStoreEngine::~PropSensorsStoreEngine()	16	static
../Application/Data/./propulsion/data.hpp:29:7:virtual prc::PropSensorsStoreEngine::~PropSensorsStoreEngine()	16	static
../Application/Data/./istore.hpp:10:29:prc::IStore<prc::PropSensorsEth>::IStore()	16	static
../Application/Data/./istore.hpp:12:11:prc::IStore<T>::~IStore() [with T = prc::PropSensorsEth]	16	static
../Application/Data/./istore.hpp:12:11:prc::IStore<T>::~IStore() [with T = prc::PropSensorsEth]	16	static
../Application/Data/./propulsion/data.hpp:37:7:prc::PropSensorsStoreEth::PropSensorsStoreEth()	16	static
../Application/Data/./propulsion/data.hpp:37:7:prc::PropSensorsStoreEth::~PropSensorsStoreEth()	16	static
../Application/Data/./propulsion/data.hpp:37:7:virtual prc::PropSensorsStoreEth::~PropSensorsStoreEth()	16	static
../Application/Data/./istore.hpp:10:29:prc::IStore<prc::PropSensorsLox>::IStore()	16	static
../Application/Data/./istore.hpp:12:11:prc::IStore<T>::~IStore() [with T = prc::PropSensorsLox]	16	static
../Application/Data/./istore.hpp:12:11:prc::IStore<T>::~IStore() [with T = prc::PropSensorsLox]	16	static
../Application/Data/./propulsion/data.hpp:33:7:prc::PropSensorsStoreLox::PropSensorsStoreLox()	16	static
../Application/Data/./propulsion/data.hpp:33:7:prc::PropSensorsStoreLox::~PropSensorsStoreLox()	16	static
../Application/Data/./propulsion/data.hpp:33:7:virtual prc::PropSensorsStoreLox::~PropSensorsStoreLox()	16	static
../Application/Data/data.hpp:131:8:prc::DataDump::DataDump()	16	static
../Application/Data/data.hpp:167:3:prc::PrcStore::PrcStore()	16	static
../Application/Data/data.hpp:145:7:prc::PrcStore::~PrcStore()	16	static
../Application/Data/data.hpp:162:21:void __tcf_0()	8	static
../Application/Data/data.hpp:161:27:static prc::PrcStore& prc::PrcStore::get_instance()	8	static
/home/maxime/st/stm32cubeide_1.19.0/plugins/com.st.stm32cube.ide.mcu.externaltools.gnu-tools-for-stm32.13.3.rel1.linux64_1.0.0.202410170706/tools/arm-none-eabi/include/c++/13.3.1/bits/std_abs.h:71:3:constexpr double std::abs(double)	16	static
../Modules/Sensors/impl/std/sensor.hpp:11:26:pressure_temperature SampleSensor::poll()	48	static
../Modules/Sensors/impl/std/sensor.hpp:14:12:double SampleDoubleSensor::poll()	16	static
../Modules/Sensors/policy/timer.hpp:8:8:constexpr TimerPollPolicy<10>::TimerPollPolicy()	16	static
/home/maxime/Documents/ert/fix/2026_C_AV_PRC/ThirdParty/SignalUtils/include/sigutils/neumaier.hpp:13:5:constexpr StableFloatSum<FloatType>::StableFloatSum() [with FloatType = double]	16	static
/home/maxime/Documents/ert/fix/2026_C_AV_PRC/ThirdParty/SignalUtils/include/sigutils/average.hpp:8:8:RunningAverage<double, 10>::RunningAverage()	16	static
../Modules/Sensors/pipelines/average.hpp:12:12:average_pipeline::SimplePipeline<StoreSetterPolicy<PrcStorage<&prc::PrcStore::propSensorsStoreLox>, &prc::PropSensorsStoreLox::set_FLS>, 10, StoreSetterPolicy<PrcStorage<&prc::PrcStore::propSensorsStoreLox>, &prc::PropSensorsStoreLox::set_FLS_mean> >::SimplePipeline()	16	static
../Modules/Sensors/sensor.hpp:19:8:SensorModule<TimerPollPolicy<10>, SampleDoubleSensor, average_pipeline::SimplePipeline<StoreSetterPolicy<PrcStorage<&prc::PrcStore::propSensorsStoreLox>, &prc::PropSensorsStoreLox::set_FLS>, 10, StoreSetterPolicy<PrcStorage<&prc::PrcStore::propSensorsStoreLox>, &prc::PropSensorsStoreLox::set_FLS_mean> > >::SensorModule()	16	static
../Modules/Sensors/impl/std/multi.hpp:26:12:constexpr multi::internal::Sensor<SampleSensor, SampleSensor, SampleSensor>::Sensor()	16	static
../Modules/Sensors/pipelines/average.hpp:12:12:average_pipeline::SimplePipeline<NoPipeline, 10, StoreSetterPolicy<PrcStorage<&prc::PrcStore::propSensorsStoreLox>, &prc::PropSensorsStoreLox::set_pressure_OTA_mean> >::SimplePipeline()	16	static
/home/maxime/Documents/ert/fix/2026_C_AV_PRC/ThirdParty/SignalUtils/include/sigutils/outlier.hpp:52:8:OutlierParams<double, 3, 2>::OutlierParams()	16	static
../Modules/Sensors/pipelines/outlier.hpp:41:8:outlier_pipeline::Pipeline<outlier_pipeline::Params<2, 1, PRESSURE_OTA_MIN_VALUE, PRESSURE_OTA_MAX_VALUE>, average_pipeline::SimplePipeline<NoPipeline, 10, StoreSetterPolicy<PrcStorage<&prc::PrcStore::propSensorsStoreLox>, &prc::PropSensorsStoreLox::set_pressure_OTA_mean> >, StoreSetterPolicy<PrcStorage<&prc::PrcStore::propSensorsStoreLox>, &prc::PropSensorsStoreLox::set_pressure_OTA1>, StoreSetterPolicy<PrcStorage<&prc::PrcStore::propSensorsStoreLox>, &prc::PropSensorsStoreLox::set_pressure_OTA2>, StoreSetterPolicy<PrcStorage<&prc::PrcStore::propSensorsStoreLox>, &prc::PropSensorsStoreLox::set_pressure_OTA3> >::Pipeline()	16	static
../Modules/Sensors/pipelines/branch.hpp:21:8:constexpr BranchUnpackPipeline<NoPipeline, NoPipeline, NoPipeline>::BranchUnpackPipeline()	16	static
../Modules/Sensors/impl/std/multi.hpp:103:8:multi::Pipeline<multi::UseOutlier<outlier_pipeline::Params<2, 1, PRESSURE_OTA_MIN_VALUE, PRESSURE_OTA_MAX_VALUE>, average_pipeline::SimplePipeline<NoPipeline, 10, StoreSetterPolicy<PrcStorage<&prc::PrcStore::propSensorsStoreLox>, &prc::PropSensorsStoreLox::set_pressure_OTA_mean> > >, multi::UseUnpack, NoPipeline, multi::SensorParam<SampleSensor, StoreSetterPolicy<PrcStorage<&prc::PrcStore::propSensorsStoreLox>, &prc::PropSensorsStoreLox::set_pressure_OTA1>, NoPipeline>, multi::SensorParam<SampleSensor, StoreSetterPolicy<PrcStorage<&prc::PrcStore::propSensorsStoreLox>, &prc::PropSensorsStoreLox::set_pressure_OTA2>, NoPipeline>, multi::SensorParam<SampleSensor, StoreSetterPolicy<PrcStorage<&prc::PrcStore::propSensorsStoreLox>, &prc::PropSensorsStoreLox::set_pressure_OTA3>, NoPipeline> >::Pipeline()	16	static
../Modules/Sensors/sensor.hpp:19:8:SensorModule<TimerPollPolicy<10>, multi::internal::Sensor<SampleSensor, SampleSensor, SampleSensor>, multi::Pipeline<multi::UseOutlier<outlier_pipeline::Params<2, 1, PRESSURE_OTA_MIN_VALUE, PRESSURE_OTA_MAX_VALUE>, average_pipeline::SimplePipeline<NoPipeline, 10, StoreSetterPolicy<PrcStorage<&prc::PrcStore::propSensorsStoreLox>, &prc::PropSensorsStoreLox::set_pressure_OTA_mean> > >, multi::UseUnpack, NoPipeline, multi::SensorParam<SampleSensor, StoreSetterPolicy<PrcStorage<&prc::PrcStore::propSensorsStoreLox>, &prc::PropSensorsStoreLox::set_pressure_OTA1>, NoPipeline>, multi::SensorParam<SampleSensor, StoreSetterPolicy<PrcStorage<&prc::PrcStore::propSensorsStoreLox>, &prc::PropSensorsStoreLox::set_pressure_OTA2>, NoPipeline>, multi::SensorParam<SampleSensor, StoreSetterPolicy<PrcStorage<&prc::PrcStore::propSensorsStoreLox>, &prc::PropSensorsStoreLox::set_pressure_OTA3>, NoPipeline> > >::SensorModule()	16	static
../Application/main.cpp:15:6:void prc::PropSensorsStoreLox::set_FLS(double)	24	static
../Application/main.cpp:19:6:void prc::PropSensorsStoreLox::set_FLS_mean(double)	24	static
../Application/main.cpp:24:6:void prc::PropSensorsStoreLox::set_pressure_OTA1(double)	24	static
../Application/main.cpp:28:6:void prc::PropSensorsStoreLox::set_pressure_OTA2(double)	24	static
../Application/main.cpp:32:6:void prc::PropSensorsStoreLox::set_pressure_OTA3(double)	24	static
../Application/main.cpp:36:6:void prc::PropSensorsStoreLox::set_pressure_OTA_mean(double)	24	static
../Application/main.cpp:41:6:void main_init()	4	static
../Application/main.cpp:45:6:void main_tick()	8	static
/home/maxime/st/stm32cubeide_1.19.0/plugins/com.st.stm32cube.ide.mcu.externaltools.gnu-tools-for-stm32.13.3.rel1.linux64_1.0.0.202410170706/tools/arm-none-eabi/include/c++/13.3.1/tuple:860:2:constexpr std::tuple< <template-parameter-1-1> >::tuple() [with _Dummy = void; typename std::enable_if<_TCC<std::is_void<_Dummy>::value>::__is_implicitly_default_constructible(), bool>::type <anonymous> = true; _Elements = {SampleSensor, SampleSensor, SampleSensor}]	16	static
/home/maxime/st/stm32cubeide_1.19.0/plugins/com.st.stm32cube.ide.mcu.externaltools.gnu-tools-for-stm32.13.3.rel1.linux64_1.0.0.202410170706/tools/arm-none-eabi/include/c++/13.3.1/tuple:860:2:constexpr std::tuple< <template-parameter-1-1> >::tuple() [with _Dummy = void; typename std::enable_if<_TCC<std::is_void<_Dummy>::value>::__is_implicitly_default_constructible(), bool>::type <anonymous> = true; _Elements = {StoreSetterPolicy<PrcStorage<&prc::PrcStore::propSensorsStoreLox>, &prc::PropSensorsStoreLox::set_pressure_OTA1>, StoreSetterPolicy<PrcStorage<&prc::PrcStore::propSensorsStoreLox>, &prc::PropSensorsStoreLox::set_pressure_OTA2>, StoreSetterPolicy<PrcStorage<&prc::PrcStore::propSensorsStoreLox>, &prc::PropSensorsStoreLox::set_pressure_OTA3>}]	16	static
/home/maxime/st/stm32cubeide_1.19.0/plugins/com.st.stm32cube.ide.mcu.externaltools.gnu-tools-for-stm32.13.3.rel1.linux64_1.0.0.202410170706/tools/arm-none-eabi/include/c++/13.3.1/tuple:860:2:constexpr std::tuple< <template-parameter-1-1> >::tuple() [with _Dummy = void; typename std::enable_if<_TCC<std::is_void<_Dummy>::value>::__is_implicitly_default_constructible(), bool>::type <anonymous> = true; _Elements = {NoPipeline, NoPipeline, NoPipeline}]	16	static
../Modules/Sensors/sensor.hpp:27:10:void SensorModule<PollPolicy, Sensor, DataPipeline>::tick() [with PollPolicy = TimerPollPolicy<10>; Sensor = SampleDoubleSensor; DataPipeline = average_pipeline::SimplePipeline<StoreSetterPolicy<PrcStorage<&prc::PrcStore::propSensorsStoreLox>, &prc::PropSensorsStoreLox::set_FLS>, 10, StoreSetterPolicy<PrcStorage<&prc::PrcStore::propSensorsStoreLox>, &prc::PropSensorsStoreLox::set_FLS_mean> >]	24	static
../Modules/Sensors/sensor.hpp:27:10:void SensorModule<PollPolicy, Sensor, DataPipeline>::tick() [with PollPolicy = TimerPollPolicy<10>; Sensor = multi::internal::Sensor<SampleSensor, SampleSensor, SampleSensor>; DataPipeline = multi::Pipeline<multi::UseOutlier<outlier_pipeline::Params<2, 1, PRESSURE_OTA_MIN_VALUE, PRESSURE_OTA_MAX_VALUE>, average_pipeline::SimplePipeline<NoPipeline, 10, StoreSetterPolicy<PrcStorage<&prc::PrcStore::propSensorsStoreLox>, &prc::PropSensorsStoreLox::set_pressure_OTA_mean> > >, multi::UseUnpack, NoPipeline, multi::SensorParam<SampleSensor, StoreSetterPolicy<PrcStorage<&prc::PrcStore::propSensorsStoreLox>, &prc::PropSensorsStoreLox::set_pressure_OTA1>, NoPipeline>, multi::SensorParam<SampleSensor, StoreSetterPolicy<PrcStorage<&prc::PrcStore::propSensorsStoreLox>, &prc::PropSensorsStoreLox::set_pressure_OTA2>, NoPipeline>, multi::SensorParam<SampleSensor, StoreSetterPolicy<PrcStorage<&prc::PrcStore::propSensorsStoreLox>, &prc::PropSensorsStoreLox::set_pressure_OTA3>, NoPipeline> >]	64	static
/home/maxime/st/stm32cubeide_1.19.0/plugins/com.st.stm32cube.ide.mcu.externaltools.gnu-tools-for-stm32.13.3.rel1.linux64_1.0.0.202410170706/tools/arm-none-eabi/include/c++/13.3.1/tuple:280:17:>::_Tuple_impl() [with unsigned int _Idx = 0; _Head = SampleSensor; _Tail = {SampleSensor, SampleSensor}]	16	static
/home/maxime/st/stm32cubeide_1.19.0/plugins/com.st.stm32cube.ide.mcu.externaltools.gnu-tools-for-stm32.13.3.rel1.linux64_1.0.0.202410170706/tools/arm-none-eabi/include/c++/13.3.1/tuple:280:17:>::_Tuple_impl() [with unsigned int _Idx = 0; _Head = StoreSetterPolicy<PrcStorage<&prc::PrcStore::propSensorsStoreLox>, &prc::PropSensorsStoreLox::set_pressure_OTA1>; _Tail = {StoreSetterPolicy<PrcStorage<&prc::PrcStore::propSensorsStoreLox>, &prc::PropSensorsStoreLox::set_pressure_OTA2>, StoreSetterPolicy<PrcStorage<&prc::PrcStore::propSensorsStoreLox>, &prc::PropSensorsStoreLox::set_pressure_OTA3>}]	16	static
/home/maxime/st/stm32cubeide_1.19.0/plugins/com.st.stm32cube.ide.mcu.externaltools.gnu-tools-for-stm32.13.3.rel1.linux64_1.0.0.202410170706/tools/arm-none-eabi/include/c++/13.3.1/tuple:280:17:>::_Tuple_impl() [with unsigned int _Idx = 0; _Head = NoPipeline; _Tail = {NoPipeline, NoPipeline}]	16	static
../Modules/Sensors/policy/timer.hpp:12:17:bool TimerPollPolicy<NumberTicks>::shouldPoll() [with unsigned int NumberTicks = 10]	16	static
../Modules/Sensors/policy/timer.hpp:16:17:void TimerPollPolicy<NumberTicks>::registerPollStart() [with unsigned int NumberTicks = 10]	16	static
../Modules/Sensors/policy/timer.hpp:17:17:void TimerPollPolicy<NumberTicks>::registerPollEnd() [with unsigned int NumberTicks = 10]	16	static
../Modules/Sensors/pipelines/average.hpp:19:14:void average_pipeline::SimplePipeline<Setter, WindowSize, MeanSetter>::ingest(const double&) [with Setter = StoreSetterPolicy<PrcStorage<&prc::PrcStore::propSensorsStoreLox>, &prc::PropSensorsStoreLox::set_FLS>; unsigned int WindowSize = 10; MeanSetter = StoreSetterPolicy<PrcStorage<&prc::PrcStore::propSensorsStoreLox>, &prc::PropSensorsStoreLox::set_FLS_mean>]	32	static
../Modules/Sensors/impl/std/multi.hpp:35:24:)> [with auto:8 = {SampleSensor, SampleSensor, SampleSensor}]	64	static
../Modules/Sensors/impl/std/multi.hpp:37:18:)>::<lambda()>	40	static
../Modules/Sensors/impl/std/multi.hpp:37:18:)>::<lambda()>	40	static
../Modules/Sensors/impl/std/multi.hpp:37:18:)>::<lambda()>	40	static
/home/maxime/st/stm32cubeide_1.19.0/plugins/com.st.stm32cube.ide.mcu.externaltools.gnu-tools-for-stm32.13.3.rel1.linux64_1.0.0.202410170706/tools/arm-none-eabi/include/c++/13.3.1/tuple:2300:5:_Idx = {0, 1, 2}]	40	static
/home/maxime/st/stm32cubeide_1.19.0/plugins/com.st.stm32cube.ide.mcu.externaltools.gnu-tools-for-stm32.13.3.rel1.linux64_1.0.0.202410170706/tools/arm-none-eabi/include/c++/13.3.1/tuple:2308:5:)>; _Tuple = tuple<SampleSensor, SampleSensor, SampleSensor>&]	24	static
../Modules/Sensors/impl/std/multi.hpp:32:30:multi::internal::Frame<multi::internal::Sensor<Sensors>::NumberSensors> multi::internal::Sensor<Sensors>::poll() [with Sensors = {SampleSensor, SampleSensor, SampleSensor}]	24	static
../Modules/Sensors/pipelines/branch.hpp:29:20:)> [with auto:5 = {NoPipeline, NoPipeline, NoPipeline}]	32	static
/home/maxime/st/stm32cubeide_1.19.0/plugins/com.st.stm32cube.ide.mcu.externaltools.gnu-tools-for-stm32.13.3.rel1.linux64_1.0.0.202410170706/tools/arm-none-eabi/include/c++/13.3.1/tuple:2300:5:_Idx = {0, 1, 2}]	40	static
/home/maxime/st/stm32cubeide_1.19.0/plugins/com.st.stm32cube.ide.mcu.externaltools.gnu-tools-for-stm32.13.3.rel1.linux64_1.0.0.202410170706/tools/arm-none-eabi/include/c++/13.3.1/tuple:2308:5:)>; _Tuple = tuple<NoPipeline, NoPipeline, NoPipeline>&]	24	static
../Modules/Sensors/pipelines/branch.hpp:28:17:auto BranchUnpackPipeline<Setters>::ingest(const std::array<auto:4, NumberSetters>&) [with auto:4 = double; Setters = {NoPipeline, NoPipeline, NoPipeline}]	80	static
../Modules/Sensors/impl/std/multi.hpp:117:10:void multi::Pipeline<UsePressure, UseTemperature, ReturnPipeline, SensorParams>::ingest(const multi::internal::Frame<NumberSensors>&) [with UsePressure = multi::UseOutlier<outlier_pipeline::Params<2, 1, PRESSURE_OTA_MIN_VALUE, PRESSURE_OTA_MAX_VALUE>, average_pipeline::SimplePipeline<NoPipeline, 10, StoreSetterPolicy<PrcStorage<&prc::PrcStore::propSensorsStoreLox>, &prc::PropSensorsStoreLox::set_pressure_OTA_mean> > >; UseTemperature = multi::UseUnpack; ReturnPipeline = NoPipeline; SensorParams = {multi::SensorParam<SampleSensor, StoreSetterPolicy<PrcStorage<&prc::PrcStore::propSensorsStoreLox>, &prc::PropSensorsStoreLox::set_pressure_OTA1>, NoPipeline>, multi::SensorParam<SampleSensor, StoreSetterPolicy<PrcStorage<&prc::PrcStore::propSensorsStoreLox>, &prc::PropSensorsStoreLox::set_pressure_OTA2>, NoPipeline>, multi::SensorParam<SampleSensor, StoreSetterPolicy<PrcStorage<&prc::PrcStore::propSensorsStoreLox>, &prc::PropSensorsStoreLox::set_pressure_OTA3>, NoPipeline>}]	128	static
/home/maxime/st/stm32cubeide_1.19.0/plugins/com.st.stm32cube.ide.mcu.externaltools.gnu-tools-for-stm32.13.3.rel1.linux64_1.0.0.202410170706/tools/arm-none-eabi/include/c++/13.3.1/tuple:280:17:>::_Tuple_impl() [with unsigned int _Idx = 1; _Head = SampleSensor; _Tail = {SampleSensor}]	16	static
/home/maxime/st/stm32cubeide_1.19.0/plugins/com.st.stm32cube.ide.mcu.externaltools.gnu-tools-for-stm32.13.3.rel1.linux64_1.0.0.202410170706/tools/arm-none-eabi/include/c++/13.3.1/tuple:81:17:constexpr std::_Head_base<_Idx, _Head, true>::_Head_base() [with unsigned int _Idx = 0; _Head = SampleSensor]	16	static
/home/maxime/st/stm32cubeide_1.19.0/plugins/com.st.stm32cube.ide.mcu.externaltools.gnu-tools-for-stm32.13.3.rel1.linux64_1.0.0.202410170706/tools/arm-none-eabi/include/c++/13.3.1/tuple:280:17:>::_Tuple_impl() [with unsigned int _Idx = 1; _Head = StoreSetterPolicy<PrcStorage<&prc::PrcStore::propSensorsStoreLox>, &prc::PropSensorsStoreLox::set_pressure_OTA2>; _Tail = {StoreSetterPolicy<PrcStorage<&prc::PrcStore::propSensorsStoreLox>, &prc::PropSensorsStoreLox::set_pressure_OTA3>}]	16	static
/home/maxime/st/stm32cubeide_1.19.0/plugins/com.st.stm32cube.ide.mcu.externaltools.gnu-tools-for-stm32.13.3.rel1.linux64_1.0.0.202410170706/tools/arm-none-eabi/include/c++/13.3.1/tuple:190:17:constexpr std::_Head_base<_Idx, _Head, false>::_Head_base() [with unsigned int _Idx = 0; _Head = StoreSetterPolicy<PrcStorage<&prc::PrcStore::propSensorsStoreLox>, &prc::PropSensorsStoreLox::set_pressure_OTA1>]	16	static
/home/maxime/st/stm32cubeide_1.19.0/plugins/com.st.stm32cube.ide.mcu.externaltools.gnu-tools-for-stm32.13.3.rel1.linux64_1.0.0.202410170706/tools/arm-none-eabi/include/c++/13.3.1/tuple:280:17:>::_Tuple_impl() [with unsigned int _Idx = 1; _Head = NoPipeline; _Tail = {NoPipeline}]	16	static
/home/maxime/st/stm32cubeide_1.19.0/plugins/com.st.stm32cube.ide.mcu.externaltools.gnu-tools-for-stm32.13.3.rel1.linux64_1.0.0.202410170706/tools/arm-none-eabi/include/c++/13.3.1/tuple:81:17:constexpr std::_Head_base<_Idx, _Head, true>::_Head_base() [with unsigned int _Idx = 0; _Head = NoPipeline]	16	static
../Modules/Sensors/pipelines/store.hpp:22:11:auto& PrcStorage<Field>::ref() const [with auto Field = &prc::PrcStore::propSensorsStoreLox]	16	static
../Modules/Sensors/pipelines/store.hpp:13:17:void StoreSetterPolicy<Storage, Setter>::ingest(const auto:1&) [with auto:1 = double; Storage = PrcStorage<&prc::PrcStore::propSensorsStoreLox>; auto Setter = &prc::PropSensorsStoreLox::set_FLS]	24	static
/home/maxime/Documents/ert/fix/2026_C_AV_PRC/ThirdParty/SignalUtils/include/sigutils/average.hpp:24:10:void RunningAverage<FloatType, _num_samples>::push(FloatType) [with FloatType = double; int _num_samples = 10]	32	static
/home/maxime/Documents/ert/fix/2026_C_AV_PRC/ThirdParty/SignalUtils/include/sigutils/average.hpp:20:10:bool RunningAverage<FloatType, _num_samples>::ready() [with FloatType = double; int _num_samples = 10]	16	static
/home/maxime/Documents/ert/fix/2026_C_AV_PRC/ThirdParty/SignalUtils/include/sigutils/average.hpp:45:15:FloatType RunningAverage<FloatType, _num_samples>::mean() [with FloatType = double; int _num_samples = 10]	16	static
../Modules/Sensors/pipelines/store.hpp:13:17:void StoreSetterPolicy<Storage, Setter>::ingest(const auto:1&) [with auto:1 = double; Storage = PrcStorage<&prc::PrcStore::propSensorsStoreLox>; auto Setter = &prc::PropSensorsStoreLox::set_FLS_mean]	24	static
/home/maxime/st/stm32cubeide_1.19.0/plugins/com.st.stm32cube.ide.mcu.externaltools.gnu-tools-for-stm32.13.3.rel1.linux64_1.0.0.202410170706/tools/arm-none-eabi/include/c++/13.3.1/array:200:7:constexpr std::array<_Tp, _Nm>::value_type& std::array<_Tp, _Nm>::operator[](size_type) [with _Tp = double; unsigned int _Nm = 3]	16	static
/home/maxime/st/stm32cubeide_1.19.0/plugins/com.st.stm32cube.ide.mcu.externaltools.gnu-tools-for-stm32.13.3.rel1.linux64_1.0.0.202410170706/tools/arm-none-eabi/include/c++/13.3.1/bits/move.h:70:5:)>]	16	static
/home/maxime/st/stm32cubeide_1.19.0/plugins/com.st.stm32cube.ide.mcu.externaltools.gnu-tools-for-stm32.13.3.rel1.linux64_1.0.0.202410170706/tools/arm-none-eabi/include/c++/13.3.1/bits/move.h:70:5:constexpr _Tp&& std::forward(typename remove_reference<_Functor>::type&) [with _Tp = tuple<SampleSensor, SampleSensor, SampleSensor>&]	16	static
/home/maxime/st/stm32cubeide_1.19.0/plugins/com.st.stm32cube.ide.mcu.externaltools.gnu-tools-for-stm32.13.3.rel1.linux64_1.0.0.202410170706/tools/arm-none-eabi/include/c++/13.3.1/tuple:1803:5:>&) [with unsigned int __i = 0; _Elements = {SampleSensor, SampleSensor, SampleSensor}]	16	static
/home/maxime/st/stm32cubeide_1.19.0/plugins/com.st.stm32cube.ide.mcu.externaltools.gnu-tools-for-stm32.13.3.rel1.linux64_1.0.0.202410170706/tools/arm-none-eabi/include/c++/13.3.1/tuple:1803:5:>&) [with unsigned int __i = 1; _Elements = {SampleSensor, SampleSensor, SampleSensor}]	16	static
/home/maxime/st/stm32cubeide_1.19.0/plugins/com.st.stm32cube.ide.mcu.externaltools.gnu-tools-for-stm32.13.3.rel1.linux64_1.0.0.202410170706/tools/arm-none-eabi/include/c++/13.3.1/tuple:1803:5:>&) [with unsigned int __i = 2; _Elements = {SampleSensor, SampleSensor, SampleSensor}]	16	static
/home/maxime/st/stm32cubeide_1.19.0/plugins/com.st.stm32cube.ide.mcu.externaltools.gnu-tools-for-stm32.13.3.rel1.linux64_1.0.0.202410170706/tools/arm-none-eabi/include/c++/13.3.1/bits/invoke.h:90:5:)>; _Args = {SampleSensor&, SampleSensor&, SampleSensor&}]	48	static
../Modules/Sensors/pipelines/outlier.hpp:63:20:)> [with auto:7 = {StoreSetterPolicy<PrcStorage<&prc::PrcStore::propSensorsStoreLox>, &prc::PropSensorsStoreLox::set_pressure_OTA1>, StoreSetterPolicy<PrcStorage<&prc::PrcStore::propSensorsStoreLox>, &prc::PropSensorsStoreLox::set_pressure_OTA2>, StoreSetterPolicy<PrcStorage<&prc::PrcStore::propSensorsStoreLox>, &prc::PropSensorsStoreLox::set_pressure_OTA3>}]	32	static
/home/maxime/st/stm32cubeide_1.19.0/plugins/com.st.stm32cube.ide.mcu.externaltools.gnu-tools-for-stm32.13.3.rel1.linux64_1.0.0.202410170706/tools/arm-none-eabi/include/c++/13.3.1/tuple:2300:5:_Idx = {0, 1, 2}]	40	static
/home/maxime/st/stm32cubeide_1.19.0/plugins/com.st.stm32cube.ide.mcu.externaltools.gnu-tools-for-stm32.13.3.rel1.linux64_1.0.0.202410170706/tools/arm-none-eabi/include/c++/13.3.1/tuple:2308:5:)>; _Tuple = tuple<StoreSetterPolicy<PrcStorage<&prc::PrcStore::propSensorsStoreLox>, &prc::PropSensorsStoreLox::set_pressure_OTA1>, StoreSetterPolicy<PrcStorage<&prc::PrcStore::propSensorsStoreLox>, &prc::PropSensorsStoreLox::set_pressure_OTA2>, StoreSetterPolicy<PrcStorage<&prc::PrcStore::propSensorsStoreLox>, &prc::PropSensorsStoreLox::set_pressure_OTA3> >&]	24	static
../Modules/Sensors/pipelines/outlier.hpp:51:23:outlier_pipeline::Frame<outlier_pipeline::Pipeline<Params, MeanPipeline, RawPipelines>::InputCount> outlier_pipeline::Pipeline<Params, MeanPipeline, RawPipelines>::ingest(const std::array<double, InputCount>&) [with Params = outlier_pipeline::Params<2, 1, PRESSURE_OTA_MIN_VALUE, PRESSURE_OTA_MAX_VALUE>; MeanPipeline = average_pipeline::SimplePipeline<NoPipeline, 10, StoreSetterPolicy<PrcStorage<&prc::PrcStore::propSensorsStoreLox>, &prc::PropSensorsStoreLox::set_pressure_OTA_mean> >; RawPipelines = {StoreSetterPolicy<PrcStorage<&prc::PrcStore::propSensorsStoreLox>, &prc::PropSensorsStoreLox::set_pressure_OTA1>, StoreSetterPolicy<PrcStorage<&prc::PrcStore::propSensorsStoreLox>, &prc::PropSensorsStoreLox::set_pressure_OTA2>, StoreSetterPolicy<PrcStorage<&prc::PrcStore::propSensorsStoreLox>, &prc::PropSensorsStoreLox::set_pressure_OTA3>}]	32	static
/home/maxime/st/stm32cubeide_1.19.0/plugins/com.st.stm32cube.ide.mcu.externaltools.gnu-tools-for-stm32.13.3.rel1.linux64_1.0.0.202410170706/tools/arm-none-eabi/include/c++/13.3.1/array:208:7:constexpr const std::array<_Tp, _Nm>::value_type& std::array<_Tp, _Nm>::operator[](size_type) const [with _Tp = double; unsigned int _Nm = 3]	16	static
../Modules/Sensors/pipelines/nothing.hpp:3:17:void NoPipeline::ingest(const auto:6&) [with auto:6 = double]	16	static
/home/maxime/st/stm32cubeide_1.19.0/plugins/com.st.stm32cube.ide.mcu.externaltools.gnu-tools-for-stm32.13.3.rel1.linux64_1.0.0.202410170706/tools/arm-none-eabi/include/c++/13.3.1/bits/move.h:70:5:)>]	16	static
/home/maxime/st/stm32cubeide_1.19.0/plugins/com.st.stm32cube.ide.mcu.externaltools.gnu-tools-for-stm32.13.3.rel1.linux64_1.0.0.202410170706/tools/arm-none-eabi/include/c++/13.3.1/bits/move.h:70:5:constexpr _Tp&& std::forward(typename remove_reference<_Functor>::type&) [with _Tp = tuple<NoPipeline, NoPipeline, NoPipeline>&]	16	static
/home/maxime/st/stm32cubeide_1.19.0/plugins/com.st.stm32cube.ide.mcu.externaltools.gnu-tools-for-stm32.13.3.rel1.linux64_1.0.0.202410170706/tools/arm-none-eabi/include/c++/13.3.1/tuple:1803:5:>&) [with unsigned int __i = 0; _Elements = {NoPipeline, NoPipeline, NoPipeline}]	16	static
/home/maxime/st/stm32cubeide_1.19.0/plugins/com.st.stm32cube.ide.mcu.externaltools.gnu-tools-for-stm32.13.3.rel1.linux64_1.0.0.202410170706/tools/arm-none-eabi/include/c++/13.3.1/tuple:1803:5:>&) [with unsigned int __i = 1; _Elements = {NoPipeline, NoPipeline, NoPipeline}]	16	static
/home/maxime/st/stm32cubeide_1.19.0/plugins/com.st.stm32cube.ide.mcu.externaltools.gnu-tools-for-stm32.13.3.rel1.linux64_1.0.0.202410170706/tools/arm-none-eabi/include/c++/13.3.1/tuple:1803:5:>&) [with unsigned int __i = 2; _Elements = {NoPipeline, NoPipeline, NoPipeline}]	16	static
/home/maxime/st/stm32cubeide_1.19.0/plugins/com.st.stm32cube.ide.mcu.externaltools.gnu-tools-for-stm32.13.3.rel1.linux64_1.0.0.202410170706/tools/arm-none-eabi/include/c++/13.3.1/bits/invoke.h:90:5:)>; _Args = {NoPipeline&, NoPipeline&, NoPipeline&}]	48	static
../Modules/Sensors/pipelines/nothing.hpp:3:17:void NoPipeline::ingest(const auto:6&) [with auto:6 = multi::internal::PipelineReturnValue<multi::UseOutlier<outlier_pipeline::Params<2, 1, PRESSURE_OTA_MIN_VALUE, PRESSURE_OTA_MAX_VALUE>, average_pipeline::SimplePipeline<NoPipeline, 10, StoreSetterPolicy<PrcStorage<&prc::PrcStore::propSensorsStoreLox>, &prc::PropSensorsStoreLox::set_pressure_OTA_mean> > >, multi::UseUnpack, 3>]	16	static
/home/maxime/st/stm32cubeide_1.19.0/plugins/com.st.stm32cube.ide.mcu.externaltools.gnu-tools-for-stm32.13.3.rel1.linux64_1.0.0.202410170706/tools/arm-none-eabi/include/c++/13.3.1/tuple:503:7:constexpr std::_Tuple_impl<_Idx, _Head>::_Tuple_impl() [with unsigned int _Idx = 2; _Head = SampleSensor]	16	static
/home/maxime/st/stm32cubeide_1.19.0/plugins/com.st.stm32cube.ide.mcu.externaltools.gnu-tools-for-stm32.13.3.rel1.linux64_1.0.0.202410170706/tools/arm-none-eabi/include/c++/13.3.1/tuple:81:17:constexpr std::_Head_base<_Idx, _Head, true>::_Head_base() [with unsigned int _Idx = 1; _Head = SampleSensor]	16	static
/home/maxime/st/stm32cubeide_1.19.0/plugins/com.st.stm32cube.ide.mcu.externaltools.gnu-tools-for-stm32.13.3.rel1.linux64_1.0.0.202410170706/tools/arm-none-eabi/include/c++/13.3.1/tuple:503:7:constexpr std::_Tuple_impl<_Idx, _Head>::_Tuple_impl() [with unsigned int _Idx = 2; _Head = StoreSetterPolicy<PrcStorage<&prc::PrcStore::propSensorsStoreLox>, &prc::PropSensorsStoreLox::set_pressure_OTA3>]	16	static
/home/maxime/st/stm32cubeide_1.19.0/plugins/com.st.stm32cube.ide.mcu.externaltools.gnu-tools-for-stm32.13.3.rel1.linux64_1.0.0.202410170706/tools/arm-none-eabi/include/c++/13.3.1/tuple:190:17:constexpr std::_Head_base<_Idx, _Head, false>::_Head_base() [with unsigned int _Idx = 1; _Head = StoreSetterPolicy<PrcStorage<&prc::PrcStore::propSensorsStoreLox>, &prc::PropSensorsStoreLox::set_pressure_OTA2>]	16	static
/home/maxime/st/stm32cubeide_1.19.0/plugins/com.st.stm32cube.ide.mcu.externaltools.gnu-tools-for-stm32.13.3.rel1.linux64_1.0.0.202410170706/tools/arm-none-eabi/include/c++/13.3.1/tuple:503:7:constexpr std::_Tuple_impl<_Idx, _Head>::_Tuple_impl() [with unsigned int _Idx = 2; _Head = NoPipeline]	16	static
/home/maxime/st/stm32cubeide_1.19.0/plugins/com.st.stm32cube.ide.mcu.externaltools.gnu-tools-for-stm32.13.3.rel1.linux64_1.0.0.202410170706/tools/arm-none-eabi/include/c++/13.3.1/tuple:81:17:constexpr std::_Head_base<_Idx, _Head, true>::_Head_base() [with unsigned int _Idx = 1; _Head = NoPipeline]	16	static
/home/maxime/Documents/ert/fix/2026_C_AV_PRC/ThirdParty/SignalUtils/include/sigutils/neumaier.hpp:36:21:StableFloatSum<FloatType>& StableFloatSum<FloatType>::operator-=(FloatType) [with FloatType = double]	24	static
/home/maxime/Documents/ert/fix/2026_C_AV_PRC/ThirdParty/SignalUtils/include/sigutils/neumaier.hpp:31:21:StableFloatSum<FloatType>& StableFloatSum<FloatType>::operator+=(FloatType) [with FloatType = double]	24	static
/home/maxime/Documents/ert/fix/2026_C_AV_PRC/ThirdParty/SignalUtils/include/sigutils/neumaier.hpp:25:21:StableFloatSum<FloatType>& StableFloatSum<FloatType>::operator=(FloatType) [with FloatType = double]	24	static
/home/maxime/Documents/ert/fix/2026_C_AV_PRC/ThirdParty/SignalUtils/include/sigutils/neumaier.hpp:41:5:StableFloatSum<FloatType>::operator FloatType() const [with FloatType = double]	16	static
/home/maxime/st/stm32cubeide_1.19.0/plugins/com.st.stm32cube.ide.mcu.externaltools.gnu-tools-for-stm32.13.3.rel1.linux64_1.0.0.202410170706/tools/arm-none-eabi/include/c++/13.3.1/tuple:1787:5:>&) [with unsigned int __i = 0; _Head = SampleSensor; _Tail = {SampleSensor, SampleSensor}]	16	static
/home/maxime/st/stm32cubeide_1.19.0/plugins/com.st.stm32cube.ide.mcu.externaltools.gnu-tools-for-stm32.13.3.rel1.linux64_1.0.0.202410170706/tools/arm-none-eabi/include/c++/13.3.1/tuple:1787:5:>&) [with unsigned int __i = 1; _Head = SampleSensor; _Tail = {SampleSensor}]	16	static
/home/maxime/st/stm32cubeide_1.19.0/plugins/com.st.stm32cube.ide.mcu.externaltools.gnu-tools-for-stm32.13.3.rel1.linux64_1.0.0.202410170706/tools/arm-none-eabi/include/c++/13.3.1/tuple:1787:5:>&) [with unsigned int __i = 2; _Head = SampleSensor; _Tail = {}]	16	static
/home/maxime/st/stm32cubeide_1.19.0/plugins/com.st.stm32cube.ide.mcu.externaltools.gnu-tools-for-stm32.13.3.rel1.linux64_1.0.0.202410170706/tools/arm-none-eabi/include/c++/13.3.1/bits/move.h:70:5:constexpr _Tp&& std::forward(typename remove_reference<_Functor>::type&) [with _Tp = SampleSensor&]	16	static
/home/maxime/st/stm32cubeide_1.19.0/plugins/com.st.stm32cube.ide.mcu.externaltools.gnu-tools-for-stm32.13.3.rel1.linux64_1.0.0.202410170706/tools/arm-none-eabi/include/c++/13.3.1/bits/invoke.h:60:5:)>; _Args = {SampleSensor&, SampleSensor&, SampleSensor&}]	40	static
/home/maxime/Documents/ert/fix/2026_C_AV_PRC/ThirdParty/SignalUtils/include/sigutils/outlier.hpp:66:10:uint16_t outlier(OutlierParams<FloatType, _length, _num_valid>&, FloatType*, bool*, FloatType&) [with FloatType = double; int _length = 3; int _num_valid = 2]	104	static
../Modules/Sensors/pipelines/store.hpp:13:17:void StoreSetterPolicy<Storage, Setter>::ingest(const auto:1&) [with auto:1 = double; Storage = PrcStorage<&prc::PrcStore::propSensorsStoreLox>; auto Setter = &prc::PropSensorsStoreLox::set_pressure_OTA1]	24	static
../Modules/Sensors/pipelines/store.hpp:13:17:void StoreSetterPolicy<Storage, Setter>::ingest(const auto:1&) [with auto:1 = double; Storage = PrcStorage<&prc::PrcStore::propSensorsStoreLox>; auto Setter = &prc::PropSensorsStoreLox::set_pressure_OTA2]	24	static
../Modules/Sensors/pipelines/store.hpp:13:17:void StoreSetterPolicy<Storage, Setter>::ingest(const auto:1&) [with auto:1 = double; Storage = PrcStorage<&prc::PrcStore::propSensorsStoreLox>; auto Setter = &prc::PropSensorsStoreLox::set_pressure_OTA3]	24	static
/home/maxime/st/stm32cubeide_1.19.0/plugins/com.st.stm32cube.ide.mcu.externaltools.gnu-tools-for-stm32.13.3.rel1.linux64_1.0.0.202410170706/tools/arm-none-eabi/include/c++/13.3.1/bits/move.h:70:5:)>]	16	static
/home/maxime/st/stm32cubeide_1.19.0/plugins/com.st.stm32cube.ide.mcu.externaltools.gnu-tools-for-stm32.13.3.rel1.linux64_1.0.0.202410170706/tools/arm-none-eabi/include/c++/13.3.1/bits/move.h:70:5:constexpr _Tp&& std::forward(typename remove_reference<_Functor>::type&) [with _Tp = tuple<StoreSetterPolicy<PrcStorage<&prc::PrcStore::propSensorsStoreLox>, &prc::PropSensorsStoreLox::set_pressure_OTA1>, StoreSetterPolicy<PrcStorage<&prc::PrcStore::propSensorsStoreLox>, &prc::PropSensorsStoreLox::set_pressure_OTA2>, StoreSetterPolicy<PrcStorage<&prc::PrcStore::propSensorsStoreLox>, &prc::PropSensorsStoreLox::set_pressure_OTA3> >&]	16	static
/home/maxime/st/stm32cubeide_1.19.0/plugins/com.st.stm32cube.ide.mcu.externaltools.gnu-tools-for-stm32.13.3.rel1.linux64_1.0.0.202410170706/tools/arm-none-eabi/include/c++/13.3.1/tuple:1803:5:>&) [with unsigned int __i = 0; _Elements = {StoreSetterPolicy<PrcStorage<&prc::PrcStore::propSensorsStoreLox>, &prc::PropSensorsStoreLox::set_pressure_OTA1>, StoreSetterPolicy<PrcStorage<&prc::PrcStore::propSensorsStoreLox>, &prc::PropSensorsStoreLox::set_pressure_OTA2>, StoreSetterPolicy<PrcStorage<&prc::PrcStore::propSensorsStoreLox>, &prc::PropSensorsStoreLox::set_pressure_OTA3>}]	16	static
/home/maxime/st/stm32cubeide_1.19.0/plugins/com.st.stm32cube.ide.mcu.externaltools.gnu-tools-for-stm32.13.3.rel1.linux64_1.0.0.202410170706/tools/arm-none-eabi/include/c++/13.3.1/tuple:1803:5:>&) [with unsigned int __i = 1; _Elements = {StoreSetterPolicy<PrcStorage<&prc::PrcStore::propSensorsStoreLox>, &prc::PropSensorsStoreLox::set_pressure_OTA1>, StoreSetterPolicy<PrcStorage<&prc::PrcStore::propSensorsStoreLox>, &prc::PropSensorsStoreLox::set_pressure_OTA2>, StoreSetterPolicy<PrcStorage<&prc::PrcStore::propSensorsStoreLox>, &prc::PropSensorsStoreLox::set_pressure_OTA3>}]	16	static
/home/maxime/st/stm32cubeide_1.19.0/plugins/com.st.stm32cube.ide.mcu.externaltools.gnu-tools-for-stm32.13.3.rel1.linux64_1.0.0.202410170706/tools/arm-none-eabi/include/c++/13.3.1/tuple:1803:5:>&) [with unsigned int __i = 2; _Elements = {StoreSetterPolicy<PrcStorage<&prc::PrcStore::propSensorsStoreLox>, &prc::PropSensorsStoreLox::set_pressure_OTA1>, StoreSetterPolicy<PrcStorage<&prc::PrcStore::propSensorsStoreLox>, &prc::PropSensorsStoreLox::set_pressure_OTA2>, StoreSetterPolicy<PrcStorage<&prc::PrcStore::propSensorsStoreLox>, &prc::PropSensorsStoreLox::set_pressure_OTA3>}]	16	static
/home/maxime/st/stm32cubeide_1.19.0/plugins/com.st.stm32cube.ide.mcu.externaltools.gnu-tools-for-stm32.13.3.rel1.linux64_1.0.0.202410170706/tools/arm-none-eabi/include/c++/13.3.1/bits/invoke.h:90:5:)>; _Args = {StoreSetterPolicy<PrcStorage<&prc::PrcStore::propSensorsStoreLox>, &prc::PropSensorsStoreLox::set_pressure_OTA1>&, StoreSetterPolicy<PrcStorage<&prc::PrcStore::propSensorsStoreLox>, &prc::PropSensorsStoreLox::set_pressure_OTA2>&, StoreSetterPolicy<PrcStorage<&prc::PrcStore::propSensorsStoreLox>, &prc::PropSensorsStoreLox::set_pressure_OTA3>&}]	48	static
../Modules/Sensors/pipelines/average.hpp:19:14:void average_pipeline::SimplePipeline<Setter, WindowSize, MeanSetter>::ingest(const double&) [with Setter = NoPipeline; unsigned int WindowSize = 10; MeanSetter = StoreSetterPolicy<PrcStorage<&prc::PrcStore::propSensorsStoreLox>, &prc::PropSensorsStoreLox::set_pressure_OTA_mean>]	32	static
/home/maxime/st/stm32cubeide_1.19.0/plugins/com.st.stm32cube.ide.mcu.externaltools.gnu-tools-for-stm32.13.3.rel1.linux64_1.0.0.202410170706/tools/arm-none-eabi/include/c++/13.3.1/tuple:1787:5:>&) [with unsigned int __i = 0; _Head = NoPipeline; _Tail = {NoPipeline, NoPipeline}]	16	static
/home/maxime/st/stm32cubeide_1.19.0/plugins/com.st.stm32cube.ide.mcu.externaltools.gnu-tools-for-stm32.13.3.rel1.linux64_1.0.0.202410170706/tools/arm-none-eabi/include/c++/13.3.1/tuple:1787:5:>&) [with unsigned int __i = 1; _Head = NoPipeline; _Tail = {NoPipeline}]	16	static
/home/maxime/st/stm32cubeide_1.19.0/plugins/com.st.stm32cube.ide.mcu.externaltools.gnu-tools-for-stm32.13.3.rel1.linux64_1.0.0.202410170706/tools/arm-none-eabi/include/c++/13.3.1/tuple:1787:5:>&) [with unsigned int __i = 2; _Head = NoPipeline; _Tail = {}]	16	static
/home/maxime/st/stm32cubeide_1.19.0/plugins/com.st.stm32cube.ide.mcu.externaltools.gnu-tools-for-stm32.13.3.rel1.linux64_1.0.0.202410170706/tools/arm-none-eabi/include/c++/13.3.1/bits/move.h:70:5:constexpr _Tp&& std::forward(typename remove_reference<_Functor>::type&) [with _Tp = NoPipeline&]	16	static
/home/maxime/st/stm32cubeide_1.19.0/plugins/com.st.stm32cube.ide.mcu.externaltools.gnu-tools-for-stm32.13.3.rel1.linux64_1.0.0.202410170706/tools/arm-none-eabi/include/c++/13.3.1/bits/invoke.h:60:5:)>; _Args = {NoPipeline&, NoPipeline&, NoPipeline&}]	40	static
/home/maxime/st/stm32cubeide_1.19.0/plugins/com.st.stm32cube.ide.mcu.externaltools.gnu-tools-for-stm32.13.3.rel1.linux64_1.0.0.202410170706/tools/arm-none-eabi/include/c++/13.3.1/tuple:81:17:constexpr std::_Head_base<_Idx, _Head, true>::_Head_base() [with unsigned int _Idx = 2; _Head = SampleSensor]	16	static
/home/maxime/st/stm32cubeide_1.19.0/plugins/com.st.stm32cube.ide.mcu.externaltools.gnu-tools-for-stm32.13.3.rel1.linux64_1.0.0.202410170706/tools/arm-none-eabi/include/c++/13.3.1/tuple:190:17:constexpr std::_Head_base<_Idx, _Head, false>::_Head_base() [with unsigned int _Idx = 2; _Head = StoreSetterPolicy<PrcStorage<&prc::PrcStore::propSensorsStoreLox>, &prc::PropSensorsStoreLox::set_pressure_OTA3>]	16	static
/home/maxime/st/stm32cubeide_1.19.0/plugins/com.st.stm32cube.ide.mcu.externaltools.gnu-tools-for-stm32.13.3.rel1.linux64_1.0.0.202410170706/tools/arm-none-eabi/include/c++/13.3.1/tuple:81:17:constexpr std::_Head_base<_Idx, _Head, true>::_Head_base() [with unsigned int _Idx = 2; _Head = NoPipeline]	16	static
/home/maxime/Documents/ert/fix/2026_C_AV_PRC/ThirdParty/SignalUtils/include/sigutils/neumaier.hpp:15:10:void StableFloatSum<FloatType>::add(FloatType) [with FloatType = double]	40	static
/home/maxime/st/stm32cubeide_1.19.0/plugins/com.st.stm32cube.ide.mcu.externaltools.gnu-tools-for-stm32.13.3.rel1.linux64_1.0.0.202410170706/tools/arm-none-eabi/include/c++/13.3.1/tuple:269:7:>&) [with unsigned int _Idx = 0; _Head = SampleSensor; _Tail = {SampleSensor, SampleSensor}]	16	static
/home/maxime/st/stm32cubeide_1.19.0/plugins/com.st.stm32cube.ide.mcu.externaltools.gnu-tools-for-stm32.13.3.rel1.linux64_1.0.0.202410170706/tools/arm-none-eabi/include/c++/13.3.1/tuple:269:7:>&) [with unsigned int _Idx = 1; _Head = SampleSensor; _Tail = {SampleSensor}]	16	static
/home/maxime/st/stm32cubeide_1.19.0/plugins/com.st.stm32cube.ide.mcu.externaltools.gnu-tools-for-stm32.13.3.rel1.linux64_1.0.0.202410170706/tools/arm-none-eabi/include/c++/13.3.1/tuple:497:7:static constexpr _Head& std::_Tuple_impl<_Idx, _Head>::_M_head(std::_Tuple_impl<_Idx, _Head>&) [with unsigned int _Idx = 2; _Head = SampleSensor]	16	static
/home/maxime/Documents/ert/fix/2026_C_AV_PRC/ThirdParty/SignalUtils/include/sigutils/argsort.hpp:35:6:void argsort(T*, uint16_t*, size_t) [with T = double]	24	static
/home/maxime/Documents/ert/fix/2026_C_AV_PRC/ThirdParty/SignalUtils/include/sigutils/outlier.hpp:60:17:bool OutlierParams<FloatType, _length, _num_valid>::in_range(FloatType) [with FloatType = double; int _length = 3; int _num_valid = 2]	24	static
/home/maxime/Documents/ert/fix/2026_C_AV_PRC/ThirdParty/SignalUtils/include/sigutils/outlier.hpp:16:10:void WelfordVariance<FloatType>::add_variable(FloatType) [with FloatType = double]	32	static
/home/maxime/Documents/ert/fix/2026_C_AV_PRC/ThirdParty/SignalUtils/include/sigutils/outlier.hpp:46:15:FloatType WelfordVariance<FloatType>::get_score() [with FloatType = double]	16	static
/home/maxime/Documents/ert/fix/2026_C_AV_PRC/ThirdParty/SignalUtils/include/sigutils/outlier.hpp:41:15:FloatType WelfordVariance<FloatType>::get_mean() [with FloatType = double]	16	static
/home/maxime/Documents/ert/fix/2026_C_AV_PRC/ThirdParty/SignalUtils/include/sigutils/outlier.hpp:24:10:void WelfordVariance<FloatType>::remove_variable(FloatType) [with FloatType = double]	32	static
/home/maxime/st/stm32cubeide_1.19.0/plugins/com.st.stm32cube.ide.mcu.externaltools.gnu-tools-for-stm32.13.3.rel1.linux64_1.0.0.202410170706/tools/arm-none-eabi/include/c++/13.3.1/tuple:1787:5:>&) [with unsigned int __i = 0; _Head = StoreSetterPolicy<PrcStorage<&prc::PrcStore::propSensorsStoreLox>, &prc::PropSensorsStoreLox::set_pressure_OTA1>; _Tail = {StoreSetterPolicy<PrcStorage<&prc::PrcStore::propSensorsStoreLox>, &prc::PropSensorsStoreLox::set_pressure_OTA2>, StoreSetterPolicy<PrcStorage<&prc::PrcStore::propSensorsStoreLox>, &prc::PropSensorsStoreLox::set_pressure_OTA3>}]	16	static
/home/maxime/st/stm32cubeide_1.19.0/plugins/com.st.stm32cube.ide.mcu.externaltools.gnu-tools-for-stm32.13.3.rel1.linux64_1.0.0.202410170706/tools/arm-none-eabi/include/c++/13.3.1/tuple:1787:5:>&) [with unsigned int __i = 1; _Head = StoreSetterPolicy<PrcStorage<&prc::PrcStore::propSensorsStoreLox>, &prc::PropSensorsStoreLox::set_pressure_OTA2>; _Tail = {StoreSetterPolicy<PrcStorage<&prc::PrcStore::propSensorsStoreLox>, &prc::PropSensorsStoreLox::set_pressure_OTA3>}]	16	static
/home/maxime/st/stm32cubeide_1.19.0/plugins/com.st.stm32cube.ide.mcu.externaltools.gnu-tools-for-stm32.13.3.rel1.linux64_1.0.0.202410170706/tools/arm-none-eabi/include/c++/13.3.1/tuple:1787:5:>&) [with unsigned int __i = 2; _Head = StoreSetterPolicy<PrcStorage<&prc::PrcStore::propSensorsStoreLox>, &prc::PropSensorsStoreLox::set_pressure_OTA3>; _Tail = {}]	16	static
/home/maxime/st/stm32cubeide_1.19.0/plugins/com.st.stm32cube.ide.mcu.externaltools.gnu-tools-for-stm32.13.3.rel1.linux64_1.0.0.202410170706/tools/arm-none-eabi/include/c++/13.3.1/bits/move.h:70:5:constexpr _Tp&& std::forward(typename remove_reference<_Functor>::type&) [with _Tp = StoreSetterPolicy<PrcStorage<&prc::PrcStore::propSensorsStoreLox>, &prc::PropSensorsStoreLox::set_pressure_OTA1>&]	16	static
/home/maxime/st/stm32cubeide_1.19.0/plugins/com.st.stm32cube.ide.mcu.externaltools.gnu-tools-for-stm32.13.3.rel1.linux64_1.0.0.202410170706/tools/arm-none-eabi/include/c++/13.3.1/bits/move.h:70:5:constexpr _Tp&& std::forward(typename remove_reference<_Functor>::type&) [with _Tp = StoreSetterPolicy<PrcStorage<&prc::PrcStore::propSensorsStoreLox>, &prc::PropSensorsStoreLox::set_pressure_OTA2>&]	16	static
/home/maxime/st/stm32cubeide_1.19.0/plugins/com.st.stm32cube.ide.mcu.externaltools.gnu-tools-for-stm32.13.3.rel1.linux64_1.0.0.202410170706/tools/arm-none-eabi/include/c++/13.3.1/bits/move.h:70:5:constexpr _Tp&& std::forward(typename remove_reference<_Functor>::type&) [with _Tp = StoreSetterPolicy<PrcStorage<&prc::PrcStore::propSensorsStoreLox>, &prc::PropSensorsStoreLox::set_pressure_OTA3>&]	16	static
/home/maxime/st/stm32cubeide_1.19.0/plugins/com.st.stm32cube.ide.mcu.externaltools.gnu-tools-for-stm32.13.3.rel1.linux64_1.0.0.202410170706/tools/arm-none-eabi/include/c++/13.3.1/bits/invoke.h:60:5:)>; _Args = {StoreSetterPolicy<PrcStorage<&prc::PrcStore::propSensorsStoreLox>, &prc::PropSensorsStoreLox::set_pressure_OTA1>&, StoreSetterPolicy<PrcStorage<&prc::PrcStore::propSensorsStoreLox>, &prc::PropSensorsStoreLox::set_pressure_OTA2>&, StoreSetterPolicy<PrcStorage<&prc::PrcStore::propSensorsStoreLox>, &prc::PropSensorsStoreLox::set_pressure_OTA3>&}]	40	static
../Modules/Sensors/pipelines/store.hpp:13:17:void StoreSetterPolicy<Storage, Setter>::ingest(const auto:1&) [with auto:1 = double; Storage = PrcStorage<&prc::PrcStore::propSensorsStoreLox>; auto Setter = &prc::PropSensorsStoreLox::set_pressure_OTA_mean]	24	static
/home/maxime/st/stm32cubeide_1.19.0/plugins/com.st.stm32cube.ide.mcu.externaltools.gnu-tools-for-stm32.13.3.rel1.linux64_1.0.0.202410170706/tools/arm-none-eabi/include/c++/13.3.1/tuple:269:7:>&) [with unsigned int _Idx = 0; _Head = NoPipeline; _Tail = {NoPipeline, NoPipeline}]	16	static
/home/maxime/st/stm32cubeide_1.19.0/plugins/com.st.stm32cube.ide.mcu.externaltools.gnu-tools-for-stm32.13.3.rel1.linux64_1.0.0.202410170706/tools/arm-none-eabi/include/c++/13.3.1/tuple:269:7:>&) [with unsigned int _Idx = 1; _Head = NoPipeline; _Tail = {NoPipeline}]	16	static
/home/maxime/st/stm32cubeide_1.19.0/plugins/com.st.stm32cube.ide.mcu.externaltools.gnu-tools-for-stm32.13.3.rel1.linux64_1.0.0.202410170706/tools/arm-none-eabi/include/c++/13.3.1/tuple:497:7:static constexpr _Head& std::_Tuple_impl<_Idx, _Head>::_M_head(std::_Tuple_impl<_Idx, _Head>&) [with unsigned int _Idx = 2; _Head = NoPipeline]	16	static
/home/maxime/st/stm32cubeide_1.19.0/plugins/com.st.stm32cube.ide.mcu.externaltools.gnu-tools-for-stm32.13.3.rel1.linux64_1.0.0.202410170706/tools/arm-none-eabi/include/c++/13.3.1/tuple:125:7:static constexpr _Head& std::_Head_base<_Idx, _Head, true>::_M_head(std::_Head_base<_Idx, _Head, true>&) [with unsigned int _Idx = 0; _Head = SampleSensor]	16	static
/home/maxime/st/stm32cubeide_1.19.0/plugins/com.st.stm32cube.ide.mcu.externaltools.gnu-tools-for-stm32.13.3.rel1.linux64_1.0.0.202410170706/tools/arm-none-eabi/include/c++/13.3.1/tuple:125:7:static constexpr _Head& std::_Head_base<_Idx, _Head, true>::_M_head(std::_Head_base<_Idx, _Head, true>&) [with unsigned int _Idx = 1; _Head = SampleSensor]	16	static
/home/maxime/st/stm32cubeide_1.19.0/plugins/com.st.stm32cube.ide.mcu.externaltools.gnu-tools-for-stm32.13.3.rel1.linux64_1.0.0.202410170706/tools/arm-none-eabi/include/c++/13.3.1/tuple:125:7:static constexpr _Head& std::_Head_base<_Idx, _Head, true>::_M_head(std::_Head_base<_Idx, _Head, true>&) [with unsigned int _Idx = 2; _Head = SampleSensor]	16	static
/home/maxime/Documents/ert/fix/2026_C_AV_PRC/ThirdParty/SignalUtils/include/sigutils/argsort.hpp:11:10:void _::argsort_shell(T*, uint16_t*, size_t) [with T = double]	40	static
/home/maxime/st/stm32cubeide_1.19.0/plugins/com.st.stm32cube.ide.mcu.externaltools.gnu-tools-for-stm32.13.3.rel1.linux64_1.0.0.202410170706/tools/arm-none-eabi/include/c++/13.3.1/tuple:269:7:>&) [with unsigned int _Idx = 0; _Head = StoreSetterPolicy<PrcStorage<&prc::PrcStore::propSensorsStoreLox>, &prc::PropSensorsStoreLox::set_pressure_OTA1>; _Tail = {StoreSetterPolicy<PrcStorage<&prc::PrcStore::propSensorsStoreLox>, &prc::PropSensorsStoreLox::set_pressure_OTA2>, StoreSetterPolicy<PrcStorage<&prc::PrcStore::propSensorsStoreLox>, &prc::PropSensorsStoreLox::set_pressure_OTA3>}]	16	static
/home/maxime/st/stm32cubeide_1.19.0/plugins/com.st.stm32cube.ide.mcu.externaltools.gnu-tools-for-stm32.13.3.rel1.linux64_1.0.0.202410170706/tools/arm-none-eabi/include/c++/13.3.1/tuple:269:7:>&) [with unsigned int _Idx = 1; _Head = StoreSetterPolicy<PrcStorage<&prc::PrcStore::propSensorsStoreLox>, &prc::PropSensorsStoreLox::set_pressure_OTA2>; _Tail = {StoreSetterPolicy<PrcStorage<&prc::PrcStore::propSensorsStoreLox>, &prc::PropSensorsStoreLox::set_pressure_OTA3>}]	16	static
/home/maxime/st/stm32cubeide_1.19.0/plugins/com.st.stm32cube.ide.mcu.externaltools.gnu-tools-for-stm32.13.3.rel1.linux64_1.0.0.202410170706/tools/arm-none-eabi/include/c++/13.3.1/tuple:497:7:static constexpr _Head& std::_Tuple_impl<_Idx, _Head>::_M_head(std::_Tuple_impl<_Idx, _Head>&) [with unsigned int _Idx = 2; _Head = StoreSetterPolicy<PrcStorage<&prc::PrcStore::propSensorsStoreLox>, &prc::PropSensorsStoreLox::set_pressure_OTA3>]	16	static
/home/maxime/st/stm32cubeide_1.19.0/plugins/com.st.stm32cube.ide.mcu.externaltools.gnu-tools-for-stm32.13.3.rel1.linux64_1.0.0.202410170706/tools/arm-none-eabi/include/c++/13.3.1/tuple:125:7:static constexpr _Head& std::_Head_base<_Idx, _Head, true>::_M_head(std::_Head_base<_Idx, _Head, true>&) [with unsigned int _Idx = 0; _Head = NoPipeline]	16	static
/home/maxime/st/stm32cubeide_1.19.0/plugins/com.st.stm32cube.ide.mcu.externaltools.gnu-tools-for-stm32.13.3.rel1.linux64_1.0.0.202410170706/tools/arm-none-eabi/include/c++/13.3.1/tuple:125:7:static constexpr _Head& std::_Head_base<_Idx, _Head, true>::_M_head(std::_Head_base<_Idx, _Head, true>&) [with unsigned int _Idx = 1; _Head = NoPipeline]	16	static
/home/maxime/st/stm32cubeide_1.19.0/plugins/com.st.stm32cube.ide.mcu.externaltools.gnu-tools-for-stm32.13.3.rel1.linux64_1.0.0.202410170706/tools/arm-none-eabi/include/c++/13.3.1/tuple:125:7:static constexpr _Head& std::_Head_base<_Idx, _Head, true>::_M_head(std::_Head_base<_Idx, _Head, true>&) [with unsigned int _Idx = 2; _Head = NoPipeline]	16	static
/home/maxime/st/stm32cubeide_1.19.0/plugins/com.st.stm32cube.ide.mcu.externaltools.gnu-tools-for-stm32.13.3.rel1.linux64_1.0.0.202410170706/tools/arm-none-eabi/include/c++/13.3.1/tuple:234:7:static constexpr _Head& std::_Head_base<_Idx, _Head, false>::_M_head(std::_Head_base<_Idx, _Head, false>&) [with unsigned int _Idx = 0; _Head = StoreSetterPolicy<PrcStorage<&prc::PrcStore::propSensorsStoreLox>, &prc::PropSensorsStoreLox::set_pressure_OTA1>]	16	static
/home/maxime/st/stm32cubeide_1.19.0/plugins/com.st.stm32cube.ide.mcu.externaltools.gnu-tools-for-stm32.13.3.rel1.linux64_1.0.0.202410170706/tools/arm-none-eabi/include/c++/13.3.1/tuple:234:7:static constexpr _Head& std::_Head_base<_Idx, _Head, false>::_M_head(std::_Head_base<_Idx, _Head, false>&) [with unsigned int _Idx = 1; _Head = StoreSetterPolicy<PrcStorage<&prc::PrcStore::propSensorsStoreLox>, &prc::PropSensorsStoreLox::set_pressure_OTA2>]	16	static
/home/maxime/st/stm32cubeide_1.19.0/plugins/com.st.stm32cube.ide.mcu.externaltools.gnu-tools-for-stm32.13.3.rel1.linux64_1.0.0.202410170706/tools/arm-none-eabi/include/c++/13.3.1/tuple:234:7:static constexpr _Head& std::_Head_base<_Idx, _Head, false>::_M_head(std::_Head_base<_Idx, _Head, false>&) [with unsigned int _Idx = 2; _Head = StoreSetterPolicy<PrcStorage<&prc::PrcStore::propSensorsStoreLox>, &prc::PropSensorsStoreLox::set_pressure_OTA3>]	16	static
../Application/main.cpp:48:1:void __static_initialization_and_destruction_0()	8	static
../Application/main.cpp:48:1:cpp)	8	static
