../Drivers/FC_CAN/2026_C_AV_FC_PRC_INTRANET/src/prc_intranet/dispatch.cpp:28:6:void prc_intranet::dispatch_frame(context*, uint16_t, const uint8_t*, uint32_t)	208	static
../Drivers/FC_CAN/2026_C_AV_FC_PRC_INTRANET/src/prc_intranet/dispatch.cpp:18:13:Payload prc_intranet::{anonymous}::read_payload(const uint8_t*, uint32_t) [with Payload = prc_intranet::payload::safety_key]	24	static
../Drivers/FC_CAN/2026_C_AV_FC_PRC_INTRANET/src/prc_intranet/dispatch.cpp:18:13:Payload prc_intranet::{anonymous}::read_payload(const uint8_t*, uint32_t) [with Payload = prc_intranet::payload::timestamp]	24	static
../Drivers/FC_CAN/2026_C_AV_FC_PRC_INTRANET/src/prc_intranet/dispatch.cpp:18:13:Payload prc_intranet::{anonymous}::read_payload(const uint8_t*, uint32_t) [with Payload = prc_intranet::payload::empty]	24	static
../Drivers/FC_CAN/2026_C_AV_FC_PRC_INTRANET/src/prc_intranet/dispatch.cpp:18:13:Payload prc_intranet::{anonymous}::read_payload(const uint8_t*, uint32_t) [with Payload = prc_intranet::payload::cmd_valves]	24	static
../Drivers/FC_CAN/2026_C_AV_FC_PRC_INTRANET/src/prc_intranet/dispatch.cpp:18:13:Payload prc_intranet::{anonymous}::read_payload(const uint8_t*, uint32_t) [with Payload = prc_intranet::payload::reset]	24	static
../Drivers/FC_CAN/2026_C_AV_FC_PRC_INTRANET/src/prc_intranet/dispatch.cpp:18:13:Payload prc_intranet::{anonymous}::read_payload(const uint8_t*, uint32_t) [with Payload = prc_intranet::payload::prc_state]	24	static
../Drivers/FC_CAN/2026_C_AV_FC_PRC_INTRANET/src/prc_intranet/dispatch.cpp:18:13:Payload prc_intranet::{anonymous}::read_payload(const uint8_t*, uint32_t) [with Payload = prc_intranet::payload::prc_p_chamber]	40	static
../Drivers/FC_CAN/2026_C_AV_FC_PRC_INTRANET/src/prc_intranet/dispatch.cpp:18:13:Payload prc_intranet::{anonymous}::read_payload(const uint8_t*, uint32_t) [with Payload = prc_intranet::payload::prc_p_injector]	40	static
../Drivers/FC_CAN/2026_C_AV_FC_PRC_INTRANET/src/prc_intranet/dispatch.cpp:18:13:Payload prc_intranet::{anonymous}::read_payload(const uint8_t*, uint32_t) [with Payload = prc_intranet::payload::prc_t_chamber]	40	static
../Drivers/FC_CAN/2026_C_AV_FC_PRC_INTRANET/src/prc_intranet/dispatch.cpp:18:13:Payload prc_intranet::{anonymous}::read_payload(const uint8_t*, uint32_t) [with Payload = prc_intranet::payload::prc_t_injector]	24	static
../Drivers/FC_CAN/2026_C_AV_FC_PRC_INTRANET/src/prc_intranet/dispatch.cpp:18:13:Payload prc_intranet::{anonymous}::read_payload(const uint8_t*, uint32_t) [with Payload = prc_intranet::payload::on_off]	24	static
../Drivers/FC_CAN/2026_C_AV_FC_PRC_INTRANET/src/prc_intranet/dispatch.cpp:18:13:Payload prc_intranet::{anonymous}::read_payload(const uint8_t*, uint32_t) [with Payload = prc_intranet::payload::dpr_state]	24	static
../Drivers/FC_CAN/2026_C_AV_FC_PRC_INTRANET/src/prc_intranet/dispatch.cpp:18:13:Payload prc_intranet::{anonymous}::read_payload(const uint8_t*, uint32_t) [with Payload = prc_intranet::payload::dpr_eth_pressures]	40	static
../Drivers/FC_CAN/2026_C_AV_FC_PRC_INTRANET/src/prc_intranet/dispatch.cpp:18:13:Payload prc_intranet::{anonymous}::read_payload(const uint8_t*, uint32_t) [with Payload = prc_intranet::payload::dpr_eth_temps_2]	40	static
../Drivers/FC_CAN/2026_C_AV_FC_PRC_INTRANET/src/prc_intranet/dispatch.cpp:18:13:Payload prc_intranet::{anonymous}::read_payload(const uint8_t*, uint32_t) [with Payload = prc_intranet::payload::dpr_lox_pressures]	40	static
../Drivers/FC_CAN/2026_C_AV_FC_PRC_INTRANET/src/prc_intranet/dispatch.cpp:18:13:Payload prc_intranet::{anonymous}::read_payload(const uint8_t*, uint32_t) [with Payload = prc_intranet::payload::dpr_lox_temps_ota]	40	static
../Drivers/FC_CAN/2026_C_AV_FC_PRC_INTRANET/src/prc_intranet/dispatch.cpp:18:13:Payload prc_intranet::{anonymous}::read_payload(const uint8_t*, uint32_t) [with Payload = prc_intranet::payload::dpr_lox_temps_2]	40	static
../Drivers/FC_CAN/2026_C_AV_FC_PRC_INTRANET/src/prc_intranet/dispatch.cpp:18:13:Payload prc_intranet::{anonymous}::read_payload(const uint8_t*, uint32_t) [with Payload = prc_intranet::payload::log_chunk]	24	static
