../Application/Data/data.hpp:106:11:prc::IStore<T>::~IStore() [with T = prc::Valves]	16	static
../Application/Data/data.hpp:106:11:prc::IStore<T>::~IStore() [with T = prc::Valves]	16	static
../Application/Data/data.hpp:197:7:prc::ValvesStore::~ValvesStore()	16	static
../Application/Data/data.hpp:197:7:virtual prc::ValvesStore::~ValvesStore()	16	static
../Application/Data/Stores/ValvesStore.cpp:5:1:prc::Valves::Valves()	16	static
../Application/Data/data.hpp:104:29:prc::IStore<prc::Valves>::IStore()	16	static
../Application/Data/Stores/ValvesStore.cpp:15:1:prc::ValvesStore::ValvesStore()	16	static
../Application/Data/Stores/ValvesStore.cpp:17:6:bool prc::ValvesStore::get_valve_dpr_pressure_lox() const	16	static
../Application/Data/Stores/ValvesStore.cpp:18:6:void prc::ValvesStore::set_valve_dpr_pressure_lox(bool)	16	static
../Application/Data/Stores/ValvesStore.cpp:20:6:bool prc::ValvesStore::get_valve_dpr_pressure_fuel() const	16	static
../Application/Data/Stores/ValvesStore.cpp:21:6:void prc::ValvesStore::set_valve_dpr_pressure_fuel(bool)	16	static
../Application/Data/Stores/ValvesStore.cpp:23:6:bool prc::ValvesStore::get_valve_dpr_vent_copv() const	16	static
../Application/Data/Stores/ValvesStore.cpp:24:6:void prc::ValvesStore::set_valve_dpr_vent_copv(bool)	16	static
../Application/Data/Stores/ValvesStore.cpp:26:6:bool prc::ValvesStore::get_valve_dpr_vent_lox() const	16	static
../Application/Data/Stores/ValvesStore.cpp:27:6:void prc::ValvesStore::set_valve_dpr_vent_lox(bool)	16	static
../Application/Data/Stores/ValvesStore.cpp:29:6:bool prc::ValvesStore::get_valve_dpr_vent_fuel() const	16	static
../Application/Data/Stores/ValvesStore.cpp:30:6:void prc::ValvesStore::set_valve_dpr_vent_fuel(bool)	16	static
../Application/Data/Stores/ValvesStore.cpp:32:6:bool prc::ValvesStore::get_valve_prb_main_lox() const	16	static
../Application/Data/Stores/ValvesStore.cpp:33:6:void prc::ValvesStore::set_valve_prb_main_lox(bool)	16	static
../Application/Data/Stores/ValvesStore.cpp:35:6:bool prc::ValvesStore::get_valve_prb_main_fuel() const	16	static
../Application/Data/Stores/ValvesStore.cpp:36:6:void prc::ValvesStore::set_valve_prb_main_fuel(bool)	16	static
