../Application/Data/data.hpp:106:11:prc::IStore<T>::~IStore() [with T = prc::State]	16	static
../Application/Data/data.hpp:106:11:prc::IStore<T>::~IStore() [with T = prc::State]	16	static
../Application/Data/data.hpp:116:7:prc::StateStore::~StateStore()	16	static
../Application/Data/data.hpp:116:7:virtual prc::StateStore::~StateStore()	16	static
../Application/Data/data.hpp:104:29:prc::IStore<prc::State>::IStore()	16	static
../Application/Data/data.cpp:7:1:prc::StateStore::StateStore()	16	static
../Application/Data/data.cpp:9:17:const prc::DataDump& prc::PrcStore::get() const	16	static
../Application/Data/data.cpp:20:6:void prc::PrcStore::set(const prc::DataDump&)	16	static
../Application/Data/data.cpp:29:11:prc::DataDump* prc::PrcStore::get_ref()	16	static
../Application/Data/data.hpp:109:19:const T& prc::IStore<T>::get() const [with T = prc::State]	16	static
../Application/Data/data.hpp:109:19:const T& prc::IStore<T>::get() const [with T = prc::BoardIdentity]	16	static
../Application/Data/data.hpp:109:19:const T& prc::IStore<T>::get() const [with T = prc::PropSensors]	16	static
../Application/Data/data.hpp:109:19:const T& prc::IStore<T>::get() const [with T = prc::Valves]	16	static
../Application/Data/data.hpp:109:19:const T& prc::IStore<T>::get() const [with T = prc::UplinkCmd]	16	static
../Application/Data/data.hpp:109:19:const T& prc::IStore<T>::get() const [with T = prc::Event]	16	static
../Application/Data/data.hpp:108:15:void prc::IStore<T>::set(const T&) [with T = prc::State]	16	static
../Application/Data/data.hpp:108:15:void prc::IStore<T>::set(const T&) [with T = prc::BoardIdentity]	16	static
../Application/Data/data.hpp:108:15:void prc::IStore<T>::set(const T&) [with T = prc::PropSensors]	16	static
../Application/Data/data.hpp:108:15:void prc::IStore<T>::set(const T&) [with T = prc::Valves]	16	static
../Application/Data/data.hpp:108:15:void prc::IStore<T>::set(const T&) [with T = prc::UplinkCmd]	16	static
../Application/Data/data.hpp:108:15:void prc::IStore<T>::set(const T&) [with T = prc::Event]	16	static
