../Core/Src/main.c:85:5:_write	32	static
../Core/Src/main.c:102:13:print_fdcan_rx_messages	64	static
../Core/Src/main.c:134:13:i2c_bus_scan	24	static
../Core/Src/main.c:166:5:main	8	static
../Core/Src/main.c:299:6:SystemClock_Config	120	static
../Core/Src/main.c:359:13:MX_ADC3_Init	40	static
../Core/Src/main.c:418:13:MX_FDCAN1_Init	48	static
../Core/Src/main.c:495:13:MX_I2C1_Init	8	static
../Core/Src/main.c:543:13:MX_SDMMC1_SD_Init	8	static
../Core/Src/main.c:574:13:MX_TIM4_Init	48	static
../Core/Src/main.c:623:13:MX_GPIO_Init	56	static
../Core/Src/main.c:727:6:MPU_Config	24	static
../Core/Src/main.c:758:6:Error_Handler	4	static,ignoring_inline_asm
