../Core/Src/main.c:87:5:_write	3
../Core/Src/main.c:112:13:i2c_bus_scan	4
../Core/Src/main.c:153:13:print_mcu_temperature	4
../Core/Src/main.c:201:5:main	7
../Core/Src/main.c:334:6:SystemClock_Config	4
../Core/Src/main.c:393:6:PeriphCommonClock_Config	2
../Core/Src/main.c:420:13:MX_ADC1_Init	4
../Core/Src/main.c:489:13:MX_ADC3_Init	3
../Core/Src/main.c:548:13:MX_FDCAN1_Init	6
../Core/Src/main.c:632:13:MX_I2C1_Init	4
../Core/Src/main.c:680:13:MX_SDMMC1_SD_Init	2
../Core/Src/main.c:711:13:MX_TIM4_Init	4
../Core/Src/main.c:760:13:MX_GPIO_Init	1
../Core/Src/main.c:858:6:MPU_Config	1
../Core/Src/main.c:889:6:Error_Handler	1
