../Core/Src/main.c:87:5:_write	32	static
../Core/Src/main.c:104:13:i2c_bus_scan	24	static
../Core/Src/main.c:145:13:print_mcu_temperature	48	static
../Core/Src/main.c:193:5:main	56	static
../Core/Src/main.c:326:6:SystemClock_Config	120	static
../Core/Src/main.c:385:6:PeriphCommonClock_Config	200	static
../Core/Src/main.c:412:13:MX_ADC1_Init	48	static
../Core/Src/main.c:481:13:MX_ADC3_Init	40	static
../Core/Src/main.c:540:13:MX_FDCAN1_Init	48	static
../Core/Src/main.c:624:13:MX_I2C1_Init	8	static
../Core/Src/main.c:672:13:MX_SDMMC1_SD_Init	8	static
../Core/Src/main.c:703:13:MX_TIM4_Init	48	static
../Core/Src/main.c:752:13:MX_GPIO_Init	56	static
../Core/Src/main.c:850:6:MPU_Config	24	static
../Core/Src/main.c:881:6:Error_Handler	4	static,ignoring_inline_asm
