../Core/Src/main.c:85:5:_write	3
../Core/Src/main.c:102:13:print_fdcan_rx_messages	4
../Core/Src/main.c:134:13:i2c_bus_scan	4
../Core/Src/main.c:166:5:main	2
../Core/Src/main.c:298:6:SystemClock_Config	4
../Core/Src/main.c:358:13:MX_ADC3_Init	3
../Core/Src/main.c:417:13:MX_FDCAN1_Init	6
../Core/Src/main.c:494:13:MX_I2C1_Init	4
../Core/Src/main.c:542:13:MX_SDMMC1_SD_Init	2
../Core/Src/main.c:573:13:MX_TIM4_Init	4
../Core/Src/main.c:622:13:MX_GPIO_Init	1
../Core/Src/main.c:726:6:MPU_Config	1
../Core/Src/main.c:757:6:Error_Handler	1
