../Drivers/Valve/Valve.hpp:37:7:constexpr IValve::IValve()	16	static
../Drivers/Valve/Valve.hpp:39:13:IValve::~IValve()	16	static
../Drivers/Valve/Valve.hpp:39:13:virtual IValve::~IValve()	16	static
../Drivers/Valve/Impl/Valve.cpp:7:1:SolenoidValve::SolenoidValve(const SolenoidValveConfig&)	16	static
../Drivers/Valve/Impl/Valve.cpp:13:6:void SolenoidValve::set_energized(bool)	24	static
../Drivers/Valve/Impl/Valve.cpp:19:13:virtual ValveStatus SolenoidValve::open()	24	static
../Drivers/Valve/Impl/Valve.cpp:28:13:virtual ValveStatus SolenoidValve::close()	24	static
../Drivers/Valve/Impl/Valve.cpp:37:6:virtual bool SolenoidValve::is_open() const	16	static
../Drivers/Valve/Impl/Valve.cpp:42:13:virtual const char* SolenoidValve::name() const	16	static
../Drivers/Valve/Impl/Valve.cpp:51:1:ServoBallValve::ServoBallValve(const ServoBallValveConfig&)	24	static
../Drivers/Valve/Impl/Valve.cpp:64:6:void ServoBallValve::write_pulse_us(uint32_t)	16	static
../Drivers/Valve/Impl/Valve.cpp:72:13:virtual ValveStatus ServoBallValve::open()	16	static
../Drivers/Valve/Impl/Valve.cpp:79:13:virtual ValveStatus ServoBallValve::close()	16	static
../Drivers/Valve/Impl/Valve.cpp:86:6:virtual bool ServoBallValve::is_open() const	16	static
../Drivers/Valve/Impl/Valve.cpp:91:13:virtual const char* ServoBallValve::name() const	16	static
../Drivers/Valve/Impl/Valve.cpp:96:13:ValveStatus ServoBallValve::set_position(float)	32	static
../Drivers/Valve/Valve.hpp:126:7:ServoBallValve::~ServoBallValve()	16	static
../Drivers/Valve/Valve.hpp:126:7:virtual ServoBallValve::~ServoBallValve()	16	static
../Drivers/Valve/Valve.hpp:84:7:SolenoidValve::~SolenoidValve()	16	static
../Drivers/Valve/Valve.hpp:84:7:virtual SolenoidValve::~SolenoidValve()	16	static
