../Drivers/KULITE_CTL190/Impl/kulite_manual_test.cpp:38:13:bool ctl190_adc_read(uint32_t*)	72	static
../Drivers/KULITE_CTL190/Impl/kulite_manual_test.cpp:80:20:const char* status_to_string(Ctl190::Status)	16	static
../Drivers/KULITE_CTL190/Impl/kulite_manual_test.cpp:98:13:void print_configuration()	24	static
../Drivers/KULITE_CTL190/Impl/kulite_manual_test.cpp:286:5:int manual_test_ctl190()	96	static
../Drivers/KULITE_CTL190/Impl/kulite_manual_test.cpp:350:5:int ctl190_test_reset()	8	static
../Drivers/KULITE_CTL190/Impl/kulite_manual_test.cpp:360:5:int ctl190_test_get_status()	24	static
