../Application/Data/propulsion/store.cpp:18:1:double prc::PropSensorsStoreEngine::get_pressure_C() const	16	static
../Application/Data/propulsion/store.cpp:18:1:void prc::PropSensorsStoreEngine::set_pressure_C(double)	24	static
../Application/Data/propulsion/store.cpp:18:1:double prc::PropSensorsStoreEngine::get_pressure_C_mean() const	16	static
../Application/Data/propulsion/store.cpp:18:1:void prc::PropSensorsStoreEngine::set_pressure_C_mean(double)	24	static
../Application/Data/propulsion/store.cpp:18:1:double prc::PropSensorsStoreEngine::get_pressure_OIN() const	16	static
../Application/Data/propulsion/store.cpp:18:1:void prc::PropSensorsStoreEngine::set_pressure_OIN(double)	24	static
../Application/Data/propulsion/store.cpp:18:1:double prc::PropSensorsStoreEngine::get_pressure_OIN_mean() const	16	static
../Application/Data/propulsion/store.cpp:18:1:void prc::PropSensorsStoreEngine::set_pressure_OIN_mean(double)	24	static
../Application/Data/propulsion/store.cpp:18:1:double prc::PropSensorsStoreEngine::get_pressure_EIN() const	16	static
../Application/Data/propulsion/store.cpp:18:1:void prc::PropSensorsStoreEngine::set_pressure_EIN(double)	24	static
../Application/Data/propulsion/store.cpp:18:1:double prc::PropSensorsStoreEngine::get_pressure_EIN_mean() const	16	static
../Application/Data/propulsion/store.cpp:18:1:void prc::PropSensorsStoreEngine::set_pressure_EIN_mean(double)	24	static
../Application/Data/propulsion/store.cpp:18:1:double prc::PropSensorsStoreEngine::get_temperature_C() const	16	static
../Application/Data/propulsion/store.cpp:18:1:void prc::PropSensorsStoreEngine::set_temperature_C(double)	24	static
../Application/Data/propulsion/store.cpp:18:1:double prc::PropSensorsStoreEngine::get_temperature_C_mean() const	16	static
../Application/Data/propulsion/store.cpp:18:1:void prc::PropSensorsStoreEngine::set_temperature_C_mean(double)	24	static
../Application/Data/propulsion/store.cpp:18:1:double prc::PropSensorsStoreEngine::get_temperature_OIN() const	16	static
../Application/Data/propulsion/store.cpp:18:1:void prc::PropSensorsStoreEngine::set_temperature_OIN(double)	24	static
../Application/Data/propulsion/store.cpp:18:1:double prc::PropSensorsStoreEngine::get_temperature_OIN_mean() const	16	static
../Application/Data/propulsion/store.cpp:18:1:void prc::PropSensorsStoreEngine::set_temperature_OIN_mean(double)	24	static
../Application/Data/propulsion/store.cpp:18:1:double prc::PropSensorsStoreEngine::get_temperature_EIN() const	16	static
../Application/Data/propulsion/store.cpp:18:1:void prc::PropSensorsStoreEngine::set_temperature_EIN(double)	24	static
../Application/Data/propulsion/store.cpp:18:1:double prc::PropSensorsStoreEngine::get_temperature_EIN_mean() const	16	static
../Application/Data/propulsion/store.cpp:18:1:void prc::PropSensorsStoreEngine::set_temperature_EIN_mean(double)	24	static
../Application/Data/propulsion/store.cpp:19:1:double prc::PropSensorsStoreLox::get_pressure_OTA1() const	16	static
../Application/Data/propulsion/store.cpp:19:1:void prc::PropSensorsStoreLox::set_pressure_OTA1(double)	24	static
../Application/Data/propulsion/store.cpp:19:1:double prc::PropSensorsStoreLox::get_pressure_OTA2() const	16	static
../Application/Data/propulsion/store.cpp:19:1:void prc::PropSensorsStoreLox::set_pressure_OTA2(double)	24	static
../Application/Data/propulsion/store.cpp:19:1:double prc::PropSensorsStoreLox::get_pressure_OTA3() const	16	static
../Application/Data/propulsion/store.cpp:19:1:void prc::PropSensorsStoreLox::set_pressure_OTA3(double)	24	static
../Application/Data/propulsion/store.cpp:19:1:double prc::PropSensorsStoreLox::get_pressure_OTA_mean() const	16	static
../Application/Data/propulsion/store.cpp:19:1:void prc::PropSensorsStoreLox::set_pressure_OTA_mean(double)	24	static
../Application/Data/propulsion/store.cpp:19:1:double prc::PropSensorsStoreLox::get_pressure_HPO() const	16	static
../Application/Data/propulsion/store.cpp:19:1:void prc::PropSensorsStoreLox::set_pressure_HPO(double)	24	static
../Application/Data/propulsion/store.cpp:19:1:double prc::PropSensorsStoreLox::get_pressure_HPO_mean() const	16	static
../Application/Data/propulsion/store.cpp:19:1:void prc::PropSensorsStoreLox::set_pressure_HPO_mean(double)	24	static
../Application/Data/propulsion/store.cpp:19:1:double prc::PropSensorsStoreLox::get_temperature_OTA1() const	16	static
../Application/Data/propulsion/store.cpp:19:1:void prc::PropSensorsStoreLox::set_temperature_OTA1(double)	24	static
../Application/Data/propulsion/store.cpp:19:1:double prc::PropSensorsStoreLox::get_temperature_OTA1_mean() const	16	static
../Application/Data/propulsion/store.cpp:19:1:void prc::PropSensorsStoreLox::set_temperature_OTA1_mean(double)	24	static
../Application/Data/propulsion/store.cpp:19:1:double prc::PropSensorsStoreLox::get_temperature_OTA2() const	16	static
../Application/Data/propulsion/store.cpp:19:1:void prc::PropSensorsStoreLox::set_temperature_OTA2(double)	24	static
../Application/Data/propulsion/store.cpp:19:1:double prc::PropSensorsStoreLox::get_temperature_OTA2_mean() const	16	static
../Application/Data/propulsion/store.cpp:19:1:void prc::PropSensorsStoreLox::set_temperature_OTA2_mean(double)	24	static
../Application/Data/propulsion/store.cpp:19:1:double prc::PropSensorsStoreLox::get_temperature_OTA3() const	16	static
../Application/Data/propulsion/store.cpp:19:1:void prc::PropSensorsStoreLox::set_temperature_OTA3(double)	24	static
../Application/Data/propulsion/store.cpp:19:1:double prc::PropSensorsStoreLox::get_temperature_OTA3_mean() const	16	static
../Application/Data/propulsion/store.cpp:19:1:void prc::PropSensorsStoreLox::set_temperature_OTA3_mean(double)	24	static
../Application/Data/propulsion/store.cpp:19:1:double prc::PropSensorsStoreLox::get_temperature_OTA4() const	16	static
../Application/Data/propulsion/store.cpp:19:1:void prc::PropSensorsStoreLox::set_temperature_OTA4(double)	24	static
../Application/Data/propulsion/store.cpp:19:1:double prc::PropSensorsStoreLox::get_temperature_OTA4_mean() const	16	static
../Application/Data/propulsion/store.cpp:19:1:void prc::PropSensorsStoreLox::set_temperature_OTA4_mean(double)	24	static
../Application/Data/propulsion/store.cpp:19:1:double prc::PropSensorsStoreLox::get_FLS() const	16	static
../Application/Data/propulsion/store.cpp:19:1:void prc::PropSensorsStoreLox::set_FLS(double)	24	static
../Application/Data/propulsion/store.cpp:19:1:double prc::PropSensorsStoreLox::get_FLS_mean() const	16	static
../Application/Data/propulsion/store.cpp:19:1:void prc::PropSensorsStoreLox::set_FLS_mean(double)	24	static
../Application/Data/propulsion/store.cpp:20:1:double prc::PropSensorsStoreEth::get_pressure_ETA1() const	16	static
../Application/Data/propulsion/store.cpp:20:1:void prc::PropSensorsStoreEth::set_pressure_ETA1(double)	24	static
../Application/Data/propulsion/store.cpp:20:1:double prc::PropSensorsStoreEth::get_pressure_ETA2() const	16	static
../Application/Data/propulsion/store.cpp:20:1:void prc::PropSensorsStoreEth::set_pressure_ETA2(double)	24	static
../Application/Data/propulsion/store.cpp:20:1:double prc::PropSensorsStoreEth::get_pressure_ETA3() const	16	static
../Application/Data/propulsion/store.cpp:20:1:void prc::PropSensorsStoreEth::set_pressure_ETA3(double)	24	static
../Application/Data/propulsion/store.cpp:20:1:double prc::PropSensorsStoreEth::get_pressure_ETA_mean() const	16	static
../Application/Data/propulsion/store.cpp:20:1:void prc::PropSensorsStoreEth::set_pressure_ETA_mean(double)	24	static
../Application/Data/propulsion/store.cpp:20:1:double prc::PropSensorsStoreEth::get_pressure_HPE() const	16	static
../Application/Data/propulsion/store.cpp:20:1:void prc::PropSensorsStoreEth::set_pressure_HPE(double)	24	static
../Application/Data/propulsion/store.cpp:20:1:double prc::PropSensorsStoreEth::get_pressure_HPE_mean() const	16	static
../Application/Data/propulsion/store.cpp:20:1:void prc::PropSensorsStoreEth::set_pressure_HPE_mean(double)	24	static
