../Application/Control/rst_controller.cpp:23:6:void prc::{anonymous}::ComputeModelB(float, float*)	16	static
../Application/Control/rst_controller.cpp:32:6:void prc::{anonymous}::Conv(const float*, int, const float*, int, float*, int)	40	static
../Application/Control/rst_controller.cpp:46:6:bool prc::{anonymous}::SolveLinearSystem(float (*)[4], const float*, float*)	168	static
../Application/Control/rst_controller.cpp:87:6:bool prc::UpdateRstPolynomials(float*, float*, float*, float)	232	static
../Application/Control/rst_controller.cpp:137:1:prc::RstController::RstController(const float*, const float*, const float*)	24	static
../Application/Control/rst_controller.cpp:139:6:void prc::RstController::reset(float, float)	72	static
../Application/Control/rst_controller.cpp:145:7:float prc::RstController::update(float, float)	56	static
../Application/Control/rst_controller.cpp:183:7:float prc::FlowToAngleDeg(float)	40	static
../Application/Control/rst_controller.cpp:200:7:float prc::AngleDegToPercentOpen(float)	16	static
